python : Traceback (most recent call last):
At line:1 char:1
+ python main.py > test_output.log 2>&1
+ ~~~~~~~~~~~~~~~~~~~~~~~~~~~~~~~~~~~~~
    + CategoryInfo          : NotSpecified: (Traceback (most recent call last)::String) [], RemoteException
    + FullyQualifiedErrorId : NativeCommandError
 
  File "C:\Vs code Automation\Trend Alfa 3.0 - Copy - Copy\main.py", line 599, in run_pipeline_sync
    analytics_report = compute_portfolio_analytics(portfolio_positions, portfolio_blueprint, date_str)
  File "C:\Vs code Automation\Trend Alfa 3.0 - Copy - Copy\analytics.py", line 181, in compute_portfolio_analytics
    if has_trades and len(daily_net) >= 20:
                          ^^^^^^^^^
UnboundLocalError: cannot access local variable 'daily_net' where it is not associated with a value
ΓÜí [SYSTEM] ======================================================================
ΓÜí [SYSTEM]         TREND ALFA 3.0 | MASTER DYNAMIC PIPELINE SYNC                  
ΓÜí [SYSTEM]         Execution Date: 2026-06-21                                    
ΓÜí [SYSTEM] ======================================================================
≡ƒö╡ [INFO] Detected existing Chartink exports in dedicated folder for 2026-06-21. Parsing local files...
≡ƒƒó [SUCCESS] Loaded 304 unique tickers from local Chartink cache.
≡ƒö╡ [INFO] Checkpoint saved: Step 1
≡ƒö╡ [INFO] Executing SKILL 01 & 02: Ingesting benchmark index data & building indicators pipeline...
≡ƒö╡ [INFO] Cache for MCX_GOLD too short (range: 2025-07-07 to 2026-06-19); re-fetching 350 days.
≡ƒö╡ [INFO] Retrieving price data for MCX_GOLD...
≡ƒƒó [SUCCESS] Successfully fetched live data for MCX_GOLD.
≡ƒö╡ [INFO] Cache for MCX_SILVER too short (range: 2025-07-07 to 2026-06-19); re-fetching 350 days.
≡ƒö╡ [INFO] Retrieving price data for MCX_SILVER...
≡ƒƒó [SUCCESS] Successfully fetched live data for MCX_SILVER.
≡ƒö╡ [INFO] Cache for INDIA_VIX too short (range: 2025-07-07 to 2026-06-19); re-fetching 350 days.
≡ƒö╡ [INFO] Retrieving price data for INDIA_VIX...
≡ƒƒó [SUCCESS] Successfully fetched live data for INDIA_VIX.
≡ƒƒó [SUCCESS] Benchmark data pipeline complete. Ingested indicators for 9 indices.
≡ƒö╡ [INFO] Checkpoint saved: Step 2
≡ƒö╡ [INFO] Executing SKILL 03 & 04: Calculating Market Regime & Breadth status...
≡ƒö╡ [INFO] Detected existing Chartink exports in dedicated folder for 2026-06-21. Parsing local files...
≡ƒƒó [SUCCESS] Loaded 304 unique tickers from local Chartink cache.
≡ƒö╡ [INFO] Market breadth using 304 stocks (304 from Chartink)
≡ƒö╡ [INFO] Expanded breadth to 504 stocks (+200 from bhavcopy)
≡ƒö╡ [INFO] Cache for MUFIN too short (range: 2025-07-07 to 2026-06-19); re-fetching 350 days.
≡ƒö╡ [INFO] Retrieving price data for MUFIN...
≡ƒƒó [SUCCESS] Successfully fetched live data for MUFIN.
≡ƒƒó [SUCCESS] Regime Check Completed: BULL | Breadth: Powerful Bull (97.0%)
≡ƒö╡ [INFO] Checkpoint saved: Step 3
≡ƒö╡ [INFO] Executing SKILL 05: Sector Rotation & Hierarchical RS rankings...
≡ƒƒó [SUCCESS] Sector rotation complete.
≡ƒö╡ [INFO] Checkpoint saved: Step 4
≡ƒö╡ [INFO] Executing 11-Step stock selection and ranking engine...
≡ƒö╡ [INFO] Index check: NIFTY_50 | Close: 24013.10 | 150 EMA: 24401.85 | Rising: False | Bullish: False
≡ƒö╡ [INFO] Index check: NIFTY_NEXT_50 | Close: 72356.65 | 150 EMA: 68766.65 | Rising: True | Bullish: True
≡ƒö╡ [INFO] Index check: NIFTY_MIDCAP_150 | Close: 62517.30 | 150 EMA: 59385.45 | Rising: True | Bullish: True
≡ƒö╡ [INFO] Index check: NIFTY_SMALLCAP_250 | Close: 17713.80 | 150 EMA: 16474.88 | Rising: True | Bullish: True
≡ƒö╡ [INFO] Cache for VOLTAMP too short (range: 2023-06-19 to 2026-06-19); re-fetching 1100 days.
≡ƒö╡ [INFO] Retrieving price data for VOLTAMP...
≡ƒƒó [SUCCESS] Successfully fetched live data for VOLTAMP.
≡ƒö╡ [INFO] Loaded 0 ASM/GSM stocks from C:\Vs code Automation\Trend Alfa 3.0 - Copy - Copy\asm_gsm_stocks.csv
≡ƒö╡ [INFO] Cache for BHARTIARTL too short (range: 2023-06-19 to 2026-06-19); re-fetching 1100 days.
≡ƒö╡ [INFO] Retrieving price data for BHARTIARTL...
≡ƒƒó [SUCCESS] Successfully fetched live data for BHARTIARTL.
≡ƒƒí [WARN] REJECTED BHARTIARTL: [Quality Gate] D/E 1.55 >= 1.5
≡ƒö╡ [INFO] Cache for CCL too short (range: 2023-06-19 to 2026-06-19); re-fetching 1100 days.
≡ƒö╡ [INFO] Retrieving price data for CCL...
≡ƒƒó [SUCCESS] Successfully fetched live data for CCL.
≡ƒö╡ [INFO] Cache for MAXHEALTH too short (range: 2023-06-19 to 2026-06-19); re-fetching 1100 days.
≡ƒö╡ [INFO] Retrieving price data for MAXHEALTH...
≡ƒƒó [SUCCESS] Successfully fetched live data for MAXHEALTH.
≡ƒƒó [SUCCESS] Detected exceptional trend & momentum for MAXHEALTH (Mom Score: 6.4, RS vs N50: 16.2%)
≡ƒö╡ [INFO] Cache for SBIN too short (range: 2023-06-19 to 2026-06-19); re-fetching 1100 days.
≡ƒö╡ [INFO] Retrieving price data for SBIN...
≡ƒƒó [SUCCESS] Successfully fetched live data for SBIN.
≡ƒö╡ [INFO] Cache for UNIONBANK too short (range: 2023-06-19 to 2026-06-19); re-fetching 1100 days.
≡ƒö╡ [INFO] Retrieving price data for UNIONBANK...
≡ƒƒó [SUCCESS] Successfully fetched live data for UNIONBANK.
≡ƒö╡ [INFO] Cache for NEULANDLAB too short (range: 2023-06-19 to 2026-06-19); re-fetching 1100 days.
≡ƒö╡ [INFO] Retrieving price data for NEULANDLAB...
≡ƒƒó [SUCCESS] Successfully fetched live data for NEULANDLAB.
≡ƒƒó [SUCCESS] Detected exceptional trend & momentum for NEULANDLAB (Mom Score: 28.4, RS vs N50: 23.3%)
≡ƒö╡ [INFO] Cache for LINDEINDIA too short (range: 2023-06-19 to 2026-06-19); re-fetching 1100 days.
≡ƒö╡ [INFO] Retrieving price data for LINDEINDIA...
≡ƒƒó [SUCCESS] Successfully fetched live data for LINDEINDIA.
≡ƒö╡ [INFO] Cache for SANSERA too short (range: 2023-06-19 to 2026-06-19); re-fetching 1100 days.
≡ƒö╡ [INFO] Retrieving price data for SANSERA...
≡ƒƒó [SUCCESS] Successfully fetched live data for SANSERA.
≡ƒƒó [SUCCESS] Detected exceptional trend & momentum for SANSERA (Mom Score: 64.2, RS vs N50: 30.9%)
≡ƒö╡ [INFO] FII/DII data not available for SANSERA ΓÇö proceeding without FII gate.
≡ƒö╡ [INFO] Cache for KMEW too short (range: 2024-12-06 to 2026-06-19); re-fetching 1100 days.
≡ƒö╡ [INFO] Retrieving price data for KMEW...
≡ƒƒó [SUCCESS] Successfully fetched live data for KMEW.
≡ƒƒó [SUCCESS] Detected exceptional trend & momentum for KMEW (Mom Score: 48.1, RS vs N50: 19.8%)
≡ƒö╡ [INFO] Cache for ZENTEC too short (range: 2023-06-19 to 2026-06-19); re-fetching 1100 days.
≡ƒö╡ [INFO] Retrieving price data for ZENTEC...
≡ƒƒó [SUCCESS] Successfully fetched live data for ZENTEC.
≡ƒƒó [SUCCESS] Detected exceptional trend & momentum for ZENTEC (Mom Score: 33.4, RS vs N50: 37.6%)
≡ƒö╡ [INFO] Cache for INOXINDIA too short (range: 2023-12-21 to 2026-06-19); re-fetching 1100 days.
≡ƒö╡ [INFO] Retrieving price data for INOXINDIA...
≡ƒƒó [SUCCESS] Successfully fetched live data for INOXINDIA.
≡ƒƒó [SUCCESS] Detected exceptional trend & momentum for INOXINDIA (Mom Score: 61.5, RS vs N50: 55.8%)
≡ƒö╡ [INFO] Cache for NUVAMA too short (range: 2023-09-26 to 2026-06-19); re-fetching 1100 days.
≡ƒö╡ [INFO] Retrieving price data for NUVAMA...
≡ƒƒó [SUCCESS] Successfully fetched live data for NUVAMA.
≡ƒƒó [SUCCESS] Detected exceptional trend & momentum for NUVAMA (Mom Score: 33.5, RS vs N50: 37.0%)
≡ƒö╡ [INFO] Cache for LALPATHLAB too short (range: 2023-06-19 to 2026-06-19); re-fetching 1100 days.
≡ƒö╡ [INFO] Retrieving price data for LALPATHLAB...
≡ƒƒó [SUCCESS] Successfully fetched live data for LALPATHLAB.
≡ƒƒó [SUCCESS] Detected exceptional trend & momentum for LALPATHLAB (Mom Score: 16.8, RS vs N50: 18.6%)
≡ƒö╡ [INFO] Cache for OLECTRA too short (range: 2023-06-19 to 2026-06-19); re-fetching 1100 days.
≡ƒö╡ [INFO] Retrieving price data for OLECTRA...
≡ƒƒó [SUCCESS] Successfully fetched live data for OLECTRA.
≡ƒƒó [SUCCESS] Detected exceptional trend & momentum for OLECTRA (Mom Score: 38.6, RS vs N50: 39.9%)
≡ƒö╡ [INFO] Cache for RAINBOW too short (range: 2023-06-19 to 2026-06-19); re-fetching 1100 days.
≡ƒö╡ [INFO] Retrieving price data for RAINBOW...
≡ƒƒó [SUCCESS] Successfully fetched live data for RAINBOW.
≡ƒƒó [SUCCESS] Detected exceptional trend & momentum for RAINBOW (Mom Score: 17.5, RS vs N50: 15.6%)
≡ƒö╡ [INFO] Cache for WELCORP too short (range: 2023-06-19 to 2026-06-19); re-fetching 1100 days.
≡ƒö╡ [INFO] Retrieving price data for WELCORP...
≡ƒƒó [SUCCESS] Successfully fetched live data for WELCORP.
≡ƒƒó [SUCCESS] Detected exceptional trend & momentum for WELCORP (Mom Score: 68.2, RS vs N50: 51.8%)
≡ƒƒó [SUCCESS] BYPASS ADX/VOL FILTER for WELCORP: Exceptional trend & momentum override. ADX=15.6, Vol=34.7%
≡ƒö╡ [INFO] Cache for VIJAYA too short (range: 2023-06-19 to 2026-06-19); re-fetching 1100 days.
≡ƒö╡ [INFO] Retrieving price data for VIJAYA...
≡ƒƒó [SUCCESS] Successfully fetched live data for VIJAYA.
≡ƒƒó [SUCCESS] Detected exceptional trend & momentum for VIJAYA (Mom Score: 40.3, RS vs N50: 41.6%)
≡ƒö╡ [INFO] Cache for POCL too short (range: 2023-06-19 to 2026-06-19); re-fetching 1100 days.
≡ƒö╡ [INFO] Retrieving price data for POCL...
≡ƒƒó [SUCCESS] Successfully fetched live data for POCL.
≡ƒƒó [SUCCESS] Detected exceptional trend & momentum for POCL (Mom Score: 29.5, RS vs N50: 15.4%)
≡ƒƒí [WARN] REJECTED POCL: [Quality Gate] 3Yr CFO/PAT -0.00 <= 0.0 (persistently negative cash generation)
≡ƒö╡ [INFO] Cache for SCHNEIDER too short (range: 2023-06-19 to 2026-06-19); re-fetching 1100 days.
≡ƒö╡ [INFO] Retrieving price data for SCHNEIDER...
≡ƒƒó [SUCCESS] Successfully fetched live data for SCHNEIDER.
≡ƒƒó [SUCCESS] Detected exceptional trend & momentum for SCHNEIDER (Mom Score: 62.2, RS vs N50: 36.6%)
≡ƒö╡ [INFO] FII/DII data not available for SCHNEIDER ΓÇö proceeding without FII gate.
≡ƒö╡ [INFO] Cache for CEMPRO too short (range: 2023-06-19 to 2026-06-19); re-fetching 1100 days.
≡ƒö╡ [INFO] Retrieving price data for CEMPRO...
≡ƒƒó [SUCCESS] Successfully fetched live data for CEMPRO.
≡ƒƒó [SUCCESS] Detected exceptional trend & momentum for CEMPRO (Mom Score: 86.6, RS vs N50: 107.3%)
≡ƒö╡ [INFO] Cache for CARBORUNIV too short (range: 2023-06-19 to 2026-06-19); re-fetching 1100 days.
≡ƒö╡ [INFO] Retrieving price data for CARBORUNIV...
≡ƒƒó [SUCCESS] Successfully fetched live data for CARBORUNIV.
≡ƒƒó [SUCCESS] Detected exceptional trend & momentum for CARBORUNIV (Mom Score: 48.0, RS vs N50: 44.2%)
≡ƒö╡ [INFO] Cache for ABSLAMC too short (range: 2023-06-19 to 2026-06-19); re-fetching 1100 days.
≡ƒö╡ [INFO] Retrieving price data for ABSLAMC...
≡ƒƒó [SUCCESS] Successfully fetched live data for ABSLAMC.
≡ƒƒó [SUCCESS] Detected exceptional trend & momentum for ABSLAMC (Mom Score: 39.6, RS vs N50: 21.2%)
≡ƒö╡ [INFO] Cache for MOTILALOFS too short (range: 2023-06-19 to 2026-06-19); re-fetching 1100 days.
≡ƒö╡ [INFO] Retrieving price data for MOTILALOFS...
≡ƒƒó [SUCCESS] Successfully fetched live data for MOTILALOFS.
≡ƒƒó [SUCCESS] Detected exceptional trend & momentum for MOTILALOFS (Mom Score: 26.2, RS vs N50: 25.8%)
≡ƒö╡ [INFO] Cache for SPLPETRO too short (range: 2023-06-19 to 2026-06-19); re-fetching 1100 days.
≡ƒö╡ [INFO] Retrieving price data for SPLPETRO...
≡ƒƒó [SUCCESS] Successfully fetched live data for SPLPETRO.
≡ƒƒí [WARN] REJECTED SPLPETRO: 30-day ADTV Γé╣4.59 Cr < Γé╣10 Cr.
≡ƒö╡ [INFO] Cache for AVL too short (range: 2024-11-06 to 2026-06-19); re-fetching 1100 days.
≡ƒö╡ [INFO] Retrieving price data for AVL...
≡ƒƒó [SUCCESS] Successfully fetched live data for AVL.
≡ƒƒó [SUCCESS] Detected exceptional trend & momentum for AVL (Mom Score: 38.1, RS vs N50: 31.5%)
≡ƒƒí [WARN] REJECTED AVL: [Quality Gate] D/E 1.79 >= 1.5
≡ƒö╡ [INFO] Cache for BORORENEW too short (range: 2023-06-19 to 2026-06-19); re-fetching 1100 days.
≡ƒö╡ [INFO] Retrieving price data for BORORENEW...
≡ƒƒó [SUCCESS] Successfully fetched live data for BORORENEW.
≡ƒƒó [SUCCESS] Detected exceptional trend & momentum for BORORENEW (Mom Score: 25.5, RS vs N50: 33.4%)
≡ƒƒí [WARN] REJECTED BORORENEW: [Quality Gate] ROCE 2.9% <= 8.0%
≡ƒö╡ [INFO] Cache for STARHEALTH too short (range: 2023-06-19 to 2026-06-19); re-fetching 1100 days.
≡ƒö╡ [INFO] Retrieving price data for STARHEALTH...
≡ƒƒó [SUCCESS] Successfully fetched live data for STARHEALTH.
≡ƒƒó [SUCCESS] Detected exceptional trend & momentum for STARHEALTH (Mom Score: 26.6, RS vs N50: 23.4%)
≡ƒö╡ [INFO] Cache for BERGEPAINT too short (range: 2023-06-19 to 2026-06-19); re-fetching 1100 days.
≡ƒö╡ [INFO] Retrieving price data for BERGEPAINT...
≡ƒƒó [SUCCESS] Successfully fetched live data for BERGEPAINT.
≡ƒƒó [SUCCESS] Detected exceptional trend & momentum for BERGEPAINT (Mom Score: 15.2, RS vs N50: 26.3%)
≡ƒö╡ [INFO] Cache for AADHARHFC too short (range: 2024-05-15 to 2026-06-19); re-fetching 1100 days.
≡ƒö╡ [INFO] Retrieving price data for AADHARHFC...
≡ƒƒó [SUCCESS] Successfully fetched live data for AADHARHFC.
≡ƒö╡ [INFO] Cache for JNKINDIA too short (range: 2024-04-30 to 2026-06-19); re-fetching 1100 days.
≡ƒö╡ [INFO] Retrieving price data for JNKINDIA...
≡ƒƒó [SUCCESS] Successfully fetched live data for JNKINDIA.
≡ƒƒó [SUCCESS] Detected exceptional trend & momentum for JNKINDIA (Mom Score: 87.9, RS vs N50: 80.4%)
≡ƒƒí [WARN] REJECTED JNKINDIA: [Quality Gate] 3Yr CFO/PAT -0.68 <= 0.0 (persistently negative cash generation)
≡ƒö╡ [INFO] Cache for ACMESOLAR too short (range: 2024-11-13 to 2026-06-19); re-fetching 1100 days.
≡ƒö╡ [INFO] Retrieving price data for ACMESOLAR...
≡ƒƒó [SUCCESS] Successfully fetched live data for ACMESOLAR.
≡ƒƒó [SUCCESS] Detected exceptional trend & momentum for ACMESOLAR (Mom Score: 33.5, RS vs N50: 23.5%)
≡ƒö╡ [INFO] Cache for JSWINFRA too short (range: 2023-10-03 to 2026-06-19); re-fetching 1100 days.
≡ƒö╡ [INFO] Retrieving price data for JSWINFRA...
≡ƒƒó [SUCCESS] Successfully fetched live data for JSWINFRA.
≡ƒƒó [SUCCESS] Detected exceptional trend & momentum for JSWINFRA (Mom Score: 14.9, RS vs N50: 21.2%)
≡ƒö╡ [INFO] Cache for BHAGCHEM too short (range: 2023-06-19 to 2026-06-19); re-fetching 1100 days.
≡ƒö╡ [INFO] Retrieving price data for BHAGCHEM...
≡ƒƒó [SUCCESS] Successfully fetched live data for BHAGCHEM.
≡ƒƒó [SUCCESS] Detected exceptional trend & momentum for BHAGCHEM (Mom Score: 24.4, RS vs N50: 21.6%)
≡ƒƒí [WARN] REJECTED BHAGCHEM: 30-day ADTV Γé╣6.23 Cr < Γé╣10 Cr.
≡ƒö╡ [INFO] Cache for JINDALSAW too short (range: 2023-06-19 to 2026-06-19); re-fetching 1100 days.
≡ƒö╡ [INFO] Retrieving price data for JINDALSAW...
≡ƒƒó [SUCCESS] Successfully fetched live data for JINDALSAW.
≡ƒƒó [SUCCESS] Detected exceptional trend & momentum for JINDALSAW (Mom Score: 39.0, RS vs N50: 31.5%)
≡ƒö╡ [INFO] FII/DII data not available for JINDALSAW ΓÇö proceeding without FII gate.
≡ƒö╡ [INFO] Cache for EIEL too short (range: 2024-11-29 to 2026-06-19); re-fetching 1100 days.
≡ƒö╡ [INFO] Retrieving price data for EIEL...
≡ƒƒó [SUCCESS] Successfully fetched live data for EIEL.
≡ƒƒó [SUCCESS] Detected exceptional trend & momentum for EIEL (Mom Score: 17.4, RS vs N50: 20.3%)
≡ƒƒí [WARN] REJECTED EIEL: [Quality Gate] 3Yr CFO/PAT -0.35 <= 0.0 (persistently negative cash generation)
≡ƒö╡ [INFO] Cache for NACLIND too short (range: 2023-06-19 to 2026-06-19); re-fetching 1100 days.
≡ƒö╡ [INFO] Retrieving price data for NACLIND...
≡ƒƒó [SUCCESS] Successfully fetched live data for NACLIND.
≡ƒƒó [SUCCESS] Detected exceptional trend & momentum for NACLIND (Mom Score: 28.5, RS vs N50: 16.2%)
≡ƒƒí [WARN] REJECTED NACLIND: [Quality Gate] 3Yr CFO/PAT -2.05 <= 0.0 (persistently negative cash generation) | ROCE -0.0% <= 8.0%
≡ƒö╡ [INFO] Cache for HONAUT too short (range: 2023-06-19 to 2026-06-19); re-fetching 1100 days.
≡ƒö╡ [INFO] Retrieving price data for HONAUT...
≡ƒƒó [SUCCESS] Successfully fetched live data for HONAUT.
≡ƒƒó [SUCCESS] Detected exceptional trend & momentum for HONAUT (Mom Score: 14.5, RS vs N50: 37.9%)
≡ƒö╡ [INFO] Cache for CERA too short (range: 2023-06-19 to 2026-06-19); re-fetching 1100 days.
≡ƒö╡ [INFO] Retrieving price data for CERA...
≡ƒƒó [SUCCESS] Successfully fetched live data for CERA.
≡ƒƒó [SUCCESS] Detected exceptional trend & momentum for CERA (Mom Score: 20.1, RS vs N50: 27.5%)
≡ƒö╡ [INFO] Cache for NETWEB too short (range: 2023-07-27 to 2026-06-19); re-fetching 1100 days.
≡ƒö╡ [INFO] Retrieving price data for NETWEB...
≡ƒƒó [SUCCESS] Successfully fetched live data for NETWEB.
≡ƒƒó [SUCCESS] Detected exceptional trend & momentum for NETWEB (Mom Score: 79.9, RS vs N50: 52.7%)
≡ƒö╡ [INFO] Cache for INDIGO too short (range: 2023-06-19 to 2026-06-19); re-fetching 1100 days.
≡ƒö╡ [INFO] Retrieving price data for INDIGO...
≡ƒƒó [SUCCESS] Successfully fetched live data for INDIGO.
≡ƒƒí [WARN] REJECTED INDIGO: [Quality Gate] D/E 94.28 >= 1.5
≡ƒö╡ [INFO] Cache for AIAENG too short (range: 2023-06-19 to 2026-06-19); re-fetching 1100 days.
≡ƒö╡ [INFO] Retrieving price data for AIAENG...
≡ƒƒó [SUCCESS] Successfully fetched live data for AIAENG.
≡ƒƒó [SUCCESS] Detected exceptional trend & momentum for AIAENG (Mom Score: 25.6, RS vs N50: 27.5%)
≡ƒö╡ [INFO] Cache for SASKEN too short (range: 2023-06-19 to 2026-06-19); re-fetching 1100 days.
≡ƒö╡ [INFO] Retrieving price data for SASKEN...
≡ƒƒó [SUCCESS] Successfully fetched live data for SASKEN.
≡ƒƒó [SUCCESS] Detected exceptional trend & momentum for SASKEN (Mom Score: 108.9, RS vs N50: 108.4%)
≡ƒƒí [WARN] REJECTED SASKEN: [Quality Gate] 3Yr CFO/PAT -0.19 <= 0.0 (persistently negative cash generation)
≡ƒö╡ [INFO] Cache for CAPLIPOINT too short (range: 2023-06-19 to 2026-06-19); re-fetching 1100 days.
≡ƒö╡ [INFO] Retrieving price data for CAPLIPOINT...
≡ƒƒó [SUCCESS] Successfully fetched live data for CAPLIPOINT.
≡ƒƒó [SUCCESS] Detected exceptional trend & momentum for CAPLIPOINT (Mom Score: 35.9, RS vs N50: 51.0%)
≡ƒö╡ [INFO] Cache for GLAND too short (range: 2023-06-19 to 2026-06-19); re-fetching 1100 days.
≡ƒö╡ [INFO] Retrieving price data for GLAND...
≡ƒƒó [SUCCESS] Successfully fetched live data for GLAND.
≡ƒƒó [SUCCESS] Detected exceptional trend & momentum for GLAND (Mom Score: 29.2, RS vs N50: 27.1%)
≡ƒö╡ [INFO] Cache for PGIL too short (range: 2023-06-19 to 2026-06-19); re-fetching 1100 days.
≡ƒö╡ [INFO] Retrieving price data for PGIL...
≡ƒƒó [SUCCESS] Successfully fetched live data for PGIL.
≡ƒƒó [SUCCESS] Detected exceptional trend & momentum for PGIL (Mom Score: 17.8, RS vs N50: 17.2%)
≡ƒö╡ [INFO] Cache for PARAS too short (range: 2023-06-19 to 2026-06-19); re-fetching 1100 days.
≡ƒö╡ [INFO] Retrieving price data for PARAS...
≡ƒƒó [SUCCESS] Successfully fetched live data for PARAS.
≡ƒƒó [SUCCESS] Detected exceptional trend & momentum for PARAS (Mom Score: 108.6, RS vs N50: 111.1%)
≡ƒö╡ [INFO] Cache for KPIL too short (range: 2023-06-19 to 2026-06-19); re-fetching 1100 days.
≡ƒö╡ [INFO] Retrieving price data for KPIL...
≡ƒƒó [SUCCESS] Successfully fetched live data for KPIL.
≡ƒƒó [SUCCESS] Detected exceptional trend & momentum for KPIL (Mom Score: 23.7, RS vs N50: 23.4%)
≡ƒö╡ [INFO] Cache for CDSL too short (range: 2023-06-19 to 2026-06-19); re-fetching 1100 days.
≡ƒö╡ [INFO] Retrieving price data for CDSL...
≡ƒƒó [SUCCESS] Successfully fetched live data for CDSL.
≡ƒƒí [WARN] REJECTED CDSL: FII/DII net change -1.74% < -1.0% (significant institutional selling).
≡ƒö╡ [INFO] Cache for XPROINDIA too short (range: 2023-06-19 to 2026-06-19); re-fetching 1100 days.
≡ƒö╡ [INFO] Retrieving price data for XPROINDIA...
≡ƒƒó [SUCCESS] Successfully fetched live data for XPROINDIA.
≡ƒƒó [SUCCESS] Detected exceptional trend & momentum for XPROINDIA (Mom Score: 30.9, RS vs N50: 29.8%)
≡ƒö╡ [INFO] Cache for SPAL too short (range: 2023-06-19 to 2026-06-19); re-fetching 1100 days.
≡ƒö╡ [INFO] Retrieving price data for SPAL...
≡ƒƒó [SUCCESS] Successfully fetched live data for SPAL.
≡ƒƒó [SUCCESS] Detected exceptional trend & momentum for SPAL (Mom Score: 39.1, RS vs N50: 33.4%)
≡ƒƒí [WARN] REJECTED SPAL: FII/DII net change -2.50% < -1.0% (significant institutional selling).
≡ƒö╡ [INFO] Cache for ROSSTECH too short (range: 2024-12-10 to 2026-06-19); re-fetching 1100 days.
≡ƒö╡ [INFO] Retrieving price data for ROSSTECH...
≡ƒƒó [SUCCESS] Successfully fetched live data for ROSSTECH.
≡ƒƒó [SUCCESS] Detected exceptional trend & momentum for ROSSTECH (Mom Score: 69.9, RS vs N50: 28.7%)
≡ƒƒí [WARN] REJECTED ROSSTECH: [Quality Gate] D/E 1.94 >= 1.5 | 3Yr CFO/PAT -3.37 <= 0.0 (persistently negative cash generation)
≡ƒö╡ [INFO] Cache for AEGISLOG too short (range: 2023-06-19 to 2026-06-19); re-fetching 1100 days.
≡ƒö╡ [INFO] Retrieving price data for AEGISLOG...
≡ƒƒó [SUCCESS] Successfully fetched live data for AEGISLOG.
≡ƒƒó [SUCCESS] Detected exceptional trend & momentum for AEGISLOG (Mom Score: 47.4, RS vs N50: 65.0%)
≡ƒö╡ [INFO] Cache for RATEGAIN too short (range: 2023-06-19 to 2026-06-19); re-fetching 1100 days.
≡ƒö╡ [INFO] Retrieving price data for RATEGAIN...
≡ƒƒó [SUCCESS] Successfully fetched live data for RATEGAIN.
≡ƒƒó [SUCCESS] Detected exceptional trend & momentum for RATEGAIN (Mom Score: 63.3, RS vs N50: 57.1%)
≡ƒƒí [WARN] REJECTED RATEGAIN: [Quality Gate] ROCE 5.5% <= 8.0%
≡ƒö╡ [INFO] Cache for MSTCLTD too short (range: 2023-06-19 to 2026-06-19); re-fetching 1100 days.
≡ƒö╡ [INFO] Retrieving price data for MSTCLTD...
≡ƒƒó [SUCCESS] Successfully fetched live data for MSTCLTD.
≡ƒƒó [SUCCESS] Detected exceptional trend & momentum for MSTCLTD (Mom Score: 56.4, RS vs N50: 68.6%)
≡ƒƒí [WARN] REJECTED MSTCLTD: [Quality Gate] 3Yr CFO/PAT -0.38 <= 0.0 (persistently negative cash generation)
≡ƒö╡ [INFO] Cache for MINDACORP too short (range: 2023-06-19 to 2026-06-19); re-fetching 1100 days.
≡ƒö╡ [INFO] Retrieving price data for MINDACORP...
≡ƒƒó [SUCCESS] Successfully fetched live data for MINDACORP.
≡ƒƒó [SUCCESS] Detected exceptional trend & momentum for MINDACORP (Mom Score: 20.3, RS vs N50: 22.5%)
≡ƒö╡ [INFO] Cache for SKIPPER too short (range: 2023-06-19 to 2026-06-19); re-fetching 1100 days.
≡ƒö╡ [INFO] Retrieving price data for SKIPPER...
≡ƒƒó [SUCCESS] Successfully fetched live data for SKIPPER.
≡ƒƒó [SUCCESS] Detected exceptional trend & momentum for SKIPPER (Mom Score: 31.3, RS vs N50: 44.0%)
≡ƒö╡ [INFO] Cache for PANACEABIO too short (range: 2023-06-19 to 2026-06-19); re-fetching 1100 days.
≡ƒö╡ [INFO] Retrieving price data for PANACEABIO...
≡ƒƒó [SUCCESS] Successfully fetched live data for PANACEABIO.
≡ƒƒó [SUCCESS] Detected exceptional trend & momentum for PANACEABIO (Mom Score: 48.9, RS vs N50: 61.3%)
≡ƒƒí [WARN] REJECTED PANACEABIO: [Quality Gate] ROCE -0.5% <= 8.0%
≡ƒö╡ [INFO] Cache for BLISSGVS too short (range: 2023-06-19 to 2026-06-19); re-fetching 1100 days.
≡ƒö╡ [INFO] Retrieving price data for BLISSGVS...
≡ƒƒó [SUCCESS] Successfully fetched live data for BLISSGVS.
≡ƒƒó [SUCCESS] Detected exceptional trend & momentum for BLISSGVS (Mom Score: 180.0, RS vs N50: 92.5%)
≡ƒƒó [SUCCESS] BYPASS ADX/VOL FILTER for BLISSGVS: Exceptional trend & momentum override. ADX=66.4, Vol=60.7%
≡ƒƒí [WARN] REJECTED BLISSGVS: FII/DII net change -4.83% < -1.0% (significant institutional selling).
≡ƒö╡ [INFO] Cache for PANAMAPET too short (range: 2023-06-19 to 2026-06-19); re-fetching 1100 days.
≡ƒö╡ [INFO] Retrieving price data for PANAMAPET...
≡ƒƒó [SUCCESS] Successfully fetched live data for PANAMAPET.
≡ƒƒó [SUCCESS] Detected exceptional trend & momentum for PANAMAPET (Mom Score: 65.0, RS vs N50: 75.2%)
≡ƒö╡ [INFO] FII/DII data not available for PANAMAPET ΓÇö proceeding without FII gate.
≡ƒö╡ [INFO] Cache for GOLDIAM too short (range: 2023-06-19 to 2026-06-19); re-fetching 1100 days.
≡ƒö╡ [INFO] Retrieving price data for GOLDIAM...
≡ƒƒó [SUCCESS] Successfully fetched live data for GOLDIAM.
≡ƒƒó [SUCCESS] Detected exceptional trend & momentum for GOLDIAM (Mom Score: 43.2, RS vs N50: 40.3%)
≡ƒö╡ [INFO] Cache for APOLLO too short (range: 2023-06-19 to 2026-06-19); re-fetching 1100 days.
≡ƒö╡ [INFO] Retrieving price data for APOLLO...
≡ƒƒó [SUCCESS] Successfully fetched live data for APOLLO.
≡ƒƒó [SUCCESS] Detected exceptional trend & momentum for APOLLO (Mom Score: 101.7, RS vs N50: 108.1%)
≡ƒƒí [WARN] REJECTED APOLLO: [Quality Gate] 3Yr CFO/PAT -1.22 <= 0.0 (persistently negative cash generation)
≡ƒö╡ [INFO] Cache for CGCL too short (range: 2023-06-19 to 2026-06-19); re-fetching 1100 days.
≡ƒö╡ [INFO] Retrieving price data for CGCL...
≡ƒƒó [SUCCESS] Successfully fetched live data for CGCL.
≡ƒƒó [SUCCESS] Detected exceptional trend & momentum for CGCL (Mom Score: 26.7, RS vs N50: 23.3%)
≡ƒö╡ [INFO] Cache for NIACL too short (range: 2023-06-19 to 2026-06-19); re-fetching 1100 days.
≡ƒö╡ [INFO] Retrieving price data for NIACL...
≡ƒƒó [SUCCESS] Successfully fetched live data for NIACL.
≡ƒƒó [SUCCESS] Detected exceptional trend & momentum for NIACL (Mom Score: 34.2, RS vs N50: 54.5%)
≡ƒö╡ [INFO] Cache for SOLARINDS too short (range: 2023-06-19 to 2026-06-19); re-fetching 1100 days.
≡ƒö╡ [INFO] Retrieving price data for SOLARINDS...
≡ƒƒó [SUCCESS] Successfully fetched live data for SOLARINDS.
≡ƒƒó [SUCCESS] Detected exceptional trend & momentum for SOLARINDS (Mom Score: 31.5, RS vs N50: 32.0%)
≡ƒö╡ [INFO] FII/DII data not available for SOLARINDS ΓÇö proceeding without FII gate.
≡ƒö╡ [INFO] Cache for NAVINFLUOR too short (range: 2023-06-19 to 2026-06-19); re-fetching 1100 days.
≡ƒö╡ [INFO] Retrieving price data for NAVINFLUOR...
≡ƒƒó [SUCCESS] Successfully fetched live data for NAVINFLUOR.
≡ƒƒó [SUCCESS] Detected exceptional trend & momentum for NAVINFLUOR (Mom Score: 29.1, RS vs N50: 23.7%)
≡ƒö╡ [INFO] Cache for DATAPATTNS too short (range: 2023-06-19 to 2026-06-19); re-fetching 1100 days.
≡ƒö╡ [INFO] Retrieving price data for DATAPATTNS...
≡ƒƒó [SUCCESS] Successfully fetched live data for DATAPATTNS.
≡ƒƒó [SUCCESS] Detected exceptional trend & momentum for DATAPATTNS (Mom Score: 62.3, RS vs N50: 46.9%)
≡ƒö╡ [INFO] FII/DII data not available for DATAPATTNS ΓÇö proceeding without FII gate.
≡ƒö╡ [INFO] Cache for TIMKEN too short (range: 2023-06-19 to 2026-06-19); re-fetching 1100 days.
≡ƒö╡ [INFO] Retrieving price data for TIMKEN...
≡ƒƒó [SUCCESS] Successfully fetched live data for TIMKEN.
≡ƒƒí [WARN] REJECTED TIMKEN: Volatility 28.2% >= 60% or ADX 19.5 <= 20.
≡ƒö╡ [INFO] Cache for GLENMARK too short (range: 2023-06-19 to 2026-06-19); re-fetching 1100 days.
≡ƒö╡ [INFO] Retrieving price data for GLENMARK...
≡ƒƒó [SUCCESS] Successfully fetched live data for GLENMARK.
≡ƒö╡ [INFO] Cache for ELECON too short (range: 2023-06-19 to 2026-06-19); re-fetching 1100 days.
≡ƒö╡ [INFO] Retrieving price data for ELECON...
≡ƒƒó [SUCCESS] Successfully fetched live data for ELECON.
≡ƒƒó [SUCCESS] Detected exceptional trend & momentum for ELECON (Mom Score: 17.3, RS vs N50: 28.7%)
≡ƒö╡ [INFO] Cache for SUVEN too short (range: 2023-06-19 to 2026-06-19); re-fetching 1100 days.
≡ƒö╡ [INFO] Retrieving price data for SUVEN...
≡ƒƒó [SUCCESS] Successfully fetched live data for SUVEN.
≡ƒƒó [SUCCESS] Detected exceptional trend & momentum for SUVEN (Mom Score: 61.1, RS vs N50: 58.5%)
≡ƒƒí [WARN] REJECTED SUVEN: [Quality Gate] ROCE -3.5% <= 8.0%
≡ƒö╡ [INFO] Cache for V2RETAIL too short (range: 2023-06-19 to 2026-06-19); re-fetching 1100 days.
≡ƒö╡ [INFO] Retrieving price data for V2RETAIL...
≡ƒƒó [SUCCESS] Successfully fetched live data for V2RETAIL.
≡ƒƒó [SUCCESS] Detected exceptional trend & momentum for V2RETAIL (Mom Score: 17.7, RS vs N50: 19.2%)
≡ƒƒí [WARN] REJECTED V2RETAIL: [Quality Gate] D/E 1.70 >= 1.5
≡ƒƒí [WARN] REJECTED MUFIN: Market cap Γé╣2,232 Cr < Γé╣2,500 Cr minimum.
≡ƒö╡ [INFO] Cache for NBCC too short (range: 2023-06-19 to 2026-06-19); re-fetching 1100 days.
≡ƒö╡ [INFO] Retrieving price data for NBCC...
≡ƒƒó [SUCCESS] Successfully fetched live data for NBCC.
≡ƒƒó [SUCCESS] Detected exceptional trend & momentum for NBCC (Mom Score: 14.6, RS vs N50: 25.5%)
≡ƒƒí [WARN] REJECTED NBCC: FII/DII net change -1.71% < -1.0% (significant institutional selling).
≡ƒö╡ [INFO] Cache for NAVA too short (range: 2023-06-19 to 2026-06-19); re-fetching 1100 days.
≡ƒö╡ [INFO] Retrieving price data for NAVA...
≡ƒƒó [SUCCESS] Successfully fetched live data for NAVA.
≡ƒö╡ [INFO] Cache for BOSCHLTD too short (range: 2023-06-19 to 2026-06-19); re-fetching 1100 days.
≡ƒö╡ [INFO] Retrieving price data for BOSCHLTD...
≡ƒƒó [SUCCESS] Successfully fetched live data for BOSCHLTD.
≡ƒö╡ [INFO] Cache for POWERINDIA too short (range: 2023-06-19 to 2026-06-19); re-fetching 1100 days.
≡ƒö╡ [INFO] Retrieving price data for POWERINDIA...
≡ƒƒó [SUCCESS] Successfully fetched live data for POWERINDIA.
≡ƒƒó [SUCCESS] Detected exceptional trend & momentum for POWERINDIA (Mom Score: 67.5, RS vs N50: 42.2%)
≡ƒö╡ [INFO] Cache for APARINDS too short (range: 2023-06-19 to 2026-06-19); re-fetching 1100 days.
≡ƒö╡ [INFO] Retrieving price data for APARINDS...
≡ƒƒó [SUCCESS] Successfully fetched live data for APARINDS.
≡ƒƒó [SUCCESS] Detected exceptional trend & momentum for APARINDS (Mom Score: 77.2, RS vs N50: 55.1%)
≡ƒö╡ [INFO] FII/DII data not available for APARINDS ΓÇö proceeding without FII gate.
≡ƒö╡ [INFO] Cache for ZFCVINDIA too short (range: 2023-06-19 to 2026-06-19); re-fetching 1100 days.
≡ƒö╡ [INFO] Retrieving price data for ZFCVINDIA...
≡ƒƒó [SUCCESS] Successfully fetched live data for ZFCVINDIA.
≡ƒö╡ [INFO] Cache for DIXON too short (range: 2023-06-19 to 2026-06-19); re-fetching 1100 days.
≡ƒö╡ [INFO] Retrieving price data for DIXON...
≡ƒƒó [SUCCESS] Successfully fetched live data for DIXON.
≡ƒƒó [SUCCESS] Detected exceptional trend & momentum for DIXON (Mom Score: 5.7, RS vs N50: 17.6%)
≡ƒƒí [WARN] REJECTED DIXON: FII/DII net change -1.30% < -1.0% (significant institutional selling).
≡ƒö╡ [INFO] Cache for POLYCAB too short (range: 2023-06-19 to 2026-06-19); re-fetching 1100 days.
≡ƒö╡ [INFO] Retrieving price data for POLYCAB...
≡ƒƒó [SUCCESS] Successfully fetched live data for POLYCAB.
≡ƒƒó [SUCCESS] Detected exceptional trend & momentum for POLYCAB (Mom Score: 44.0, RS vs N50: 33.2%)
≡ƒö╡ [INFO] Cache for CRAFTSMAN too short (range: 2023-06-19 to 2026-06-19); re-fetching 1100 days.
≡ƒö╡ [INFO] Retrieving price data for CRAFTSMAN...
≡ƒƒó [SUCCESS] Successfully fetched live data for CRAFTSMAN.
≡ƒƒó [SUCCESS] Detected exceptional trend & momentum for CRAFTSMAN (Mom Score: 46.7, RS vs N50: 33.3%)
≡ƒö╡ [INFO] Cache for OFSS too short (range: 2023-06-19 to 2026-06-19); re-fetching 1100 days.
≡ƒö╡ [INFO] Retrieving price data for OFSS...
≡ƒƒó [SUCCESS] Successfully fetched live data for OFSS.
≡ƒƒó [SUCCESS] Detected exceptional trend & momentum for OFSS (Mom Score: 31.6, RS vs N50: 38.0%)
≡ƒö╡ [INFO] Cache for MTARTECH too short (range: 2023-06-19 to 2026-06-19); re-fetching 1100 days.
≡ƒö╡ [INFO] Retrieving price data for MTARTECH...
≡ƒƒó [SUCCESS] Successfully fetched live data for MTARTECH.
≡ƒƒó [SUCCESS] Detected exceptional trend & momentum for MTARTECH (Mom Score: 213.6, RS vs N50: 102.1%)
≡ƒö╡ [INFO] Cache for ABB too short (range: 2023-06-19 to 2026-06-19); re-fetching 1100 days.
≡ƒö╡ [INFO] Retrieving price data for ABB...
≡ƒƒó [SUCCESS] Successfully fetched live data for ABB.
≡ƒö╡ [INFO] FII/DII data not available for ABB ΓÇö proceeding without FII gate.
≡ƒö╡ [INFO] Cache for GRWRHITECH too short (range: 2023-06-19 to 2026-06-19); re-fetching 1100 days.
≡ƒö╡ [INFO] Retrieving price data for GRWRHITECH...
≡ƒƒó [SUCCESS] Successfully fetched live data for GRWRHITECH.
≡ƒƒó [SUCCESS] Detected exceptional trend & momentum for GRWRHITECH (Mom Score: 75.7, RS vs N50: 83.6%)
≡ƒö╡ [INFO] Cache for CUMMINSIND too short (range: 2023-06-19 to 2026-06-19); re-fetching 1100 days.
≡ƒö╡ [INFO] Retrieving price data for CUMMINSIND...
≡ƒƒó [SUCCESS] Successfully fetched live data for CUMMINSIND.
≡ƒƒó [SUCCESS] Detected exceptional trend & momentum for CUMMINSIND (Mom Score: 38.1, RS vs N50: 22.2%)
≡ƒö╡ [INFO] FII/DII data not available for CUMMINSIND ΓÇö proceeding without FII gate.
≡ƒö╡ [INFO] Cache for KEI too short (range: 2023-06-19 to 2026-06-19); re-fetching 1100 days.
≡ƒö╡ [INFO] Retrieving price data for KEI...
≡ƒƒó [SUCCESS] Successfully fetched live data for KEI.
≡ƒƒó [SUCCESS] Detected exceptional trend & momentum for KEI (Mom Score: 36.6, RS vs N50: 24.9%)
≡ƒö╡ [INFO] Cache for GVT&D too short (range: 2023-06-19 to 2026-06-19); re-fetching 1100 days.
≡ƒö╡ [INFO] Retrieving price data for GVT&D...
≡ƒƒó [SUCCESS] Successfully fetched live data for GVT&D.
≡ƒƒó [SUCCESS] Detected exceptional trend & momentum for GVT&D (Mom Score: 74.3, RS vs N50: 48.4%)
≡ƒö╡ [INFO] FII/DII data not available for GVT&D ΓÇö proceeding without FII gate.
≡ƒö╡ [INFO] Cache for THANGAMAYL too short (range: 2023-06-19 to 2026-06-19); re-fetching 1100 days.
≡ƒö╡ [INFO] Retrieving price data for THANGAMAYL...
≡ƒƒó [SUCCESS] Successfully fetched live data for THANGAMAYL.
≡ƒƒó [SUCCESS] Detected exceptional trend & momentum for THANGAMAYL (Mom Score: 86.9, RS vs N50: 35.0%)
≡ƒö╡ [INFO] Cache for THERMAX too short (range: 2023-06-19 to 2026-06-19); re-fetching 1100 days.
≡ƒö╡ [INFO] Retrieving price data for THERMAX...
≡ƒƒó [SUCCESS] Successfully fetched live data for THERMAX.
≡ƒƒó [SUCCESS] Detected exceptional trend & momentum for THERMAX (Mom Score: 44.3, RS vs N50: 42.8%)
≡ƒö╡ [INFO] Cache for TORNTPHARM too short (range: 2023-06-19 to 2026-06-19); re-fetching 1100 days.
≡ƒö╡ [INFO] Retrieving price data for TORNTPHARM...
≡ƒƒó [SUCCESS] Successfully fetched live data for TORNTPHARM.
≡ƒƒí [WARN] REJECTED TORNTPHARM: Volatility 20.5% >= 60% or ADX 16.4 <= 20.
≡ƒö╡ [INFO] Cache for BSE too short (range: 2023-06-19 to 2026-06-19); re-fetching 1100 days.
≡ƒö╡ [INFO] Retrieving price data for BSE...
≡ƒƒó [SUCCESS] Successfully fetched live data for BSE.
≡ƒƒó [SUCCESS] Detected exceptional trend & momentum for BSE (Mom Score: 41.2, RS vs N50: 27.0%)
≡ƒƒó [SUCCESS] BYPASS ADX/VOL FILTER for BSE: Exceptional trend & momentum override. ADX=19.9, Vol=40.0%
≡ƒö╡ [INFO] FII/DII data not available for BSE ΓÇö proceeding without FII gate.
≡ƒö╡ [INFO] Cache for RADICO too short (range: 2023-06-19 to 2026-06-19); re-fetching 1100 days.
≡ƒö╡ [INFO] Retrieving price data for RADICO...
≡ƒƒó [SUCCESS] Successfully fetched live data for RADICO.
≡ƒƒó [SUCCESS] Detected exceptional trend & momentum for RADICO (Mom Score: 33.2, RS vs N50: 36.4%)
≡ƒö╡ [INFO] Cache for SIEMENS too short (range: 2023-06-19 to 2026-06-19); re-fetching 1100 days.
≡ƒö╡ [INFO] Retrieving price data for SIEMENS...
≡ƒƒó [SUCCESS] Successfully fetched live data for SIEMENS.
≡ƒƒó [SUCCESS] Detected exceptional trend & momentum for SIEMENS (Mom Score: 17.4, RS vs N50: 16.5%)
≡ƒö╡ [INFO] Cache for KIRLOSIND too short (range: 2023-06-19 to 2026-06-19); re-fetching 1100 days.
≡ƒö╡ [INFO] Retrieving price data for KIRLOSIND...
≡ƒƒó [SUCCESS] Successfully fetched live data for KIRLOSIND.
≡ƒƒó [SUCCESS] Detected exceptional trend & momentum for KIRLOSIND (Mom Score: 19.0, RS vs N50: 26.0%)
≡ƒö╡ [INFO]   [KIRLOSIND] ROCE 2.2% below 8.0% ΓÇö WAIVED (cyclical sector: Industrials)
≡ƒƒí [WARN] REJECTED KIRLOSIND: [Quality Gate] 3Yr CFO/PAT -0.52 <= 0.0 (persistently negative cash generation)
≡ƒö╡ [INFO] Cache for SHRIPISTON too short (range: 2023-06-19 to 2026-06-19); re-fetching 1100 days.
≡ƒö╡ [INFO] Retrieving price data for SHRIPISTON...
≡ƒƒó [SUCCESS] Successfully fetched live data for SHRIPISTON.
≡ƒƒó [SUCCESS] Detected exceptional trend & momentum for SHRIPISTON (Mom Score: 27.6, RS vs N50: 19.4%)
≡ƒö╡ [INFO] Cache for TIINDIA too short (range: 2023-06-19 to 2026-06-19); re-fetching 1100 days.
≡ƒö╡ [INFO] Retrieving price data for TIINDIA...
≡ƒƒó [SUCCESS] Successfully fetched live data for TIINDIA.
≡ƒƒó [SUCCESS] Detected exceptional trend & momentum for TIINDIA (Mom Score: 23.3, RS vs N50: 20.4%)
≡ƒö╡ [INFO] Cache for ACUTAAS too short (range: 2023-06-19 to 2026-06-19); re-fetching 1100 days.
≡ƒö╡ [INFO] Retrieving price data for ACUTAAS...
≡ƒƒó [SUCCESS] Successfully fetched live data for ACUTAAS.
≡ƒƒó [SUCCESS] Detected exceptional trend & momentum for ACUTAAS (Mom Score: 86.8, RS vs N50: 38.9%)
≡ƒö╡ [INFO] FII/DII data not available for ACUTAAS ΓÇö proceeding without FII gate.
≡ƒö╡ [INFO] Cache for GRASIM too short (range: 2023-06-19 to 2026-06-19); re-fetching 1100 days.
≡ƒö╡ [INFO] Retrieving price data for GRASIM...
≡ƒƒó [SUCCESS] Successfully fetched live data for GRASIM.
≡ƒƒí [WARN] REJECTED GRASIM: [Quality Gate] ROCE 2.1% <= 8.0%
≡ƒö╡ [INFO] Cache for AJANTPHARM too short (range: 2023-06-19 to 2026-06-19); re-fetching 1100 days.
≡ƒö╡ [INFO] Retrieving price data for AJANTPHARM...
≡ƒƒó [SUCCESS] Successfully fetched live data for AJANTPHARM.
≡ƒƒí [WARN] REJECTED AJANTPHARM: Volatility 25.3% >= 60% or ADX 15.7 <= 20.
≡ƒö╡ [INFO] Cache for ADANIENT too short (range: 2023-06-19 to 2026-06-19); re-fetching 1100 days.
≡ƒö╡ [INFO] Retrieving price data for ADANIENT...
≡ƒƒó [SUCCESS] Successfully fetched live data for ADANIENT.
≡ƒƒó [SUCCESS] Detected exceptional trend & momentum for ADANIENT (Mom Score: 39.2, RS vs N50: 48.6%)
≡ƒƒí [WARN] REJECTED ADANIENT: [Quality Gate] 3Yr CFO/PAT -0.24 <= 0.0 (persistently negative cash generation)
≡ƒö╡ [INFO] Cache for POWERMECH too short (range: 2023-06-19 to 2026-06-19); re-fetching 1100 days.
≡ƒö╡ [INFO] Retrieving price data for POWERMECH...
≡ƒƒó [SUCCESS] Successfully fetched live data for POWERMECH.
≡ƒƒó [SUCCESS] Detected exceptional trend & momentum for POWERMECH (Mom Score: 24.2, RS vs N50: 37.3%)
≡ƒö╡ [INFO] Cache for RATNAMANI too short (range: 2023-06-19 to 2026-06-19); re-fetching 1100 days.
≡ƒö╡ [INFO] Retrieving price data for RATNAMANI...
≡ƒƒó [SUCCESS] Successfully fetched live data for RATNAMANI.
≡ƒƒó [SUCCESS] Detected exceptional trend & momentum for RATNAMANI (Mom Score: 12.0, RS vs N50: 20.2%)
≡ƒö╡ [INFO] Cache for ASIANPAINT too short (range: 2023-06-19 to 2026-06-19); re-fetching 1100 days.
≡ƒö╡ [INFO] Retrieving price data for ASIANPAINT...
≡ƒƒó [SUCCESS] Successfully fetched live data for ASIANPAINT.
≡ƒƒó [SUCCESS] Detected exceptional trend & momentum for ASIANPAINT (Mom Score: 14.0, RS vs N50: 19.7%)
≡ƒö╡ [INFO] FII/DII data not available for ASIANPAINT ΓÇö proceeding without FII gate.
≡ƒö╡ [INFO] Cache for CARTRADE too short (range: 2023-06-19 to 2026-06-19); re-fetching 1100 days.
≡ƒö╡ [INFO] Retrieving price data for CARTRADE...
≡ƒƒó [SUCCESS] Successfully fetched live data for CARTRADE.
≡ƒƒó [SUCCESS] Detected exceptional trend & momentum for CARTRADE (Mom Score: 34.8, RS vs N50: 36.6%)
≡ƒƒí [WARN] REJECTED CARTRADE: [Quality Gate] ROCE 4.3% <= 8.0%
≡ƒö╡ [INFO] Cache for VINDHYATEL too short (range: 2023-06-19 to 2026-06-19); re-fetching 1100 days.
≡ƒö╡ [INFO] Retrieving price data for VINDHYATEL...
≡ƒƒó [SUCCESS] Successfully fetched live data for VINDHYATEL.
≡ƒƒó [SUCCESS] Detected exceptional trend & momentum for VINDHYATEL (Mom Score: 81.8, RS vs N50: 107.6%)
≡ƒƒí [WARN] REJECTED VINDHYATEL: [Quality Gate] 3Yr CFO/PAT -1.82 <= 0.0 (persistently negative cash generation)
≡ƒö╡ [INFO] Cache for RRKABEL too short (range: 2023-09-20 to 2026-06-19); re-fetching 1100 days.
≡ƒö╡ [INFO] Retrieving price data for RRKABEL...
≡ƒƒó [SUCCESS] Successfully fetched live data for RRKABEL.
≡ƒƒó [SUCCESS] Detected exceptional trend & momentum for RRKABEL (Mom Score: 62.6, RS vs N50: 66.1%)
≡ƒö╡ [INFO] Cache for JBCHEPHARM too short (range: 2023-06-19 to 2026-06-19); re-fetching 1100 days.
≡ƒö╡ [INFO] Retrieving price data for JBCHEPHARM...
≡ƒƒó [SUCCESS] Successfully fetched live data for JBCHEPHARM.
≡ƒö╡ [INFO] Cache for BALAMINES too short (range: 2023-06-19 to 2026-06-19); re-fetching 1100 days.
≡ƒö╡ [INFO] Retrieving price data for BALAMINES...
≡ƒƒó [SUCCESS] Successfully fetched live data for BALAMINES.
≡ƒƒó [SUCCESS] Detected exceptional trend & momentum for BALAMINES (Mom Score: 84.6, RS vs N50: 99.7%)
≡ƒö╡ [INFO] Cache for AZAD too short (range: 2023-12-28 to 2026-06-19); re-fetching 1100 days.
≡ƒö╡ [INFO] Retrieving price data for AZAD...
≡ƒƒó [SUCCESS] Successfully fetched live data for AZAD.
≡ƒƒó [SUCCESS] Detected exceptional trend & momentum for AZAD (Mom Score: 32.7, RS vs N50: 28.0%)
≡ƒƒí [WARN] REJECTED AZAD: [Quality Gate] 3Yr CFO/PAT -0.11 <= 0.0 (persistently negative cash generation)
≡ƒö╡ [INFO] Cache for BHARATFORG too short (range: 2023-06-19 to 2026-06-19); re-fetching 1100 days.
≡ƒö╡ [INFO] Retrieving price data for BHARATFORG...
≡ƒƒó [SUCCESS] Successfully fetched live data for BHARATFORG.
≡ƒö╡ [INFO] Cache for WOCKPHARMA too short (range: 2023-06-19 to 2026-06-19); re-fetching 1100 days.
≡ƒö╡ [INFO] Retrieving price data for WOCKPHARMA...
≡ƒƒó [SUCCESS] Successfully fetched live data for WOCKPHARMA.
≡ƒƒó [SUCCESS] Detected exceptional trend & momentum for WOCKPHARMA (Mom Score: 48.2, RS vs N50: 48.9%)
≡ƒƒí [WARN] REJECTED WOCKPHARMA: [Quality Gate] ROCE 3.1% <= 8.0%
≡ƒö╡ [INFO] Cache for KERNEX too short (range: 2023-06-19 to 2026-06-19); re-fetching 1100 days.
≡ƒö╡ [INFO] Retrieving price data for KERNEX...
≡ƒƒó [SUCCESS] Successfully fetched live data for KERNEX.
≡ƒƒó [SUCCESS] Detected exceptional trend & momentum for KERNEX (Mom Score: 88.3, RS vs N50: 75.1%)
≡ƒƒí [WARN] REJECTED KERNEX: [Quality Gate] 3Yr CFO/PAT -0.68 <= 0.0 (persistently negative cash generation)
≡ƒö╡ [INFO] Cache for KIRLOSENG too short (range: 2023-06-19 to 2026-06-19); re-fetching 1100 days.
≡ƒö╡ [INFO] Retrieving price data for KIRLOSENG...
≡ƒƒó [SUCCESS] Successfully fetched live data for KIRLOSENG.
≡ƒƒó [SUCCESS] Detected exceptional trend & momentum for KIRLOSENG (Mom Score: 62.9, RS vs N50: 35.8%)
≡ƒö╡ [INFO] FII/DII data not available for KIRLOSENG ΓÇö proceeding without FII gate.
≡ƒö╡ [INFO] Cache for TATACOMM too short (range: 2023-06-19 to 2026-06-19); re-fetching 1100 days.
≡ƒö╡ [INFO] Retrieving price data for TATACOMM...
≡ƒƒó [SUCCESS] Successfully fetched live data for TATACOMM.
≡ƒƒó [SUCCESS] Detected exceptional trend & momentum for TATACOMM (Mom Score: 22.7, RS vs N50: 36.6%)
≡ƒö╡ [INFO] Cache for KIRLPNU too short (range: 2023-06-19 to 2026-06-19); re-fetching 1100 days.
≡ƒö╡ [INFO] Retrieving price data for KIRLPNU...
≡ƒƒó [SUCCESS] Successfully fetched live data for KIRLPNU.
≡ƒƒó [SUCCESS] Detected exceptional trend & momentum for KIRLPNU (Mom Score: 71.2, RS vs N50: 66.6%)
≡ƒö╡ [INFO] Cache for AXISCADES too short (range: 2023-06-19 to 2026-06-19); re-fetching 1100 days.
≡ƒö╡ [INFO] Retrieving price data for AXISCADES...
≡ƒƒó [SUCCESS] Successfully fetched live data for AXISCADES.
≡ƒƒó [SUCCESS] Detected exceptional trend & momentum for AXISCADES (Mom Score: 43.9, RS vs N50: 15.4%)
≡ƒö╡ [INFO]   [AXISCADES] ROCE 8.0% below 8.0% ΓÇö WAIVED (cyclical sector: Industrials)
≡ƒƒó [SUCCESS] BYPASS ADX/VOL FILTER for AXISCADES: Exceptional trend & momentum override. ADX=18.6, Vol=50.1%
≡ƒö╡ [INFO] Cache for ADANIPORTS too short (range: 2023-06-19 to 2026-06-19); re-fetching 1100 days.
≡ƒö╡ [INFO] Retrieving price data for ADANIPORTS...
≡ƒƒó [SUCCESS] Successfully fetched live data for ADANIPORTS.
≡ƒƒó [SUCCESS] Detected exceptional trend & momentum for ADANIPORTS (Mom Score: 28.4, RS vs N50: 26.7%)
≡ƒö╡ [INFO]   [ADANIPORTS] ROCE 7.4% below 8.0% ΓÇö WAIVED (cyclical sector: Industrials)
≡ƒƒó [SUCCESS] BYPASS ADX/VOL FILTER for ADANIPORTS: Exceptional trend & momentum override. ADX=19.1, Vol=26.9%
≡ƒö╡ [INFO] Cache for NIBE too short (range: 2025-02-07 to 2026-06-19); re-fetching 1100 days.
≡ƒö╡ [INFO] Retrieving price data for NIBE...
≡ƒƒó [SUCCESS] Successfully fetched live data for NIBE.
≡ƒƒó [SUCCESS] Detected exceptional trend & momentum for NIBE (Mom Score: 53.3, RS vs N50: 89.0%)
≡ƒƒí [WARN] REJECTED NIBE: [Quality Gate] 3Yr CFO/PAT -0.48 <= 0.0 (persistently negative cash generation)
≡ƒö╡ [INFO] Cache for EMCURE too short (range: 2024-07-10 to 2026-06-19); re-fetching 1100 days.
≡ƒö╡ [INFO] Retrieving price data for EMCURE...
≡ƒƒó [SUCCESS] Successfully fetched live data for EMCURE.
≡ƒƒí [WARN] REJECTED EMCURE: Volatility 32.6% >= 60% or ADX 15.8 <= 20.
≡ƒö╡ [INFO] Cache for LLOYDSME too short (range: 2023-07-17 to 2026-06-19); re-fetching 1100 days.
≡ƒö╡ [INFO] Retrieving price data for LLOYDSME...
≡ƒƒó [SUCCESS] Successfully fetched live data for LLOYDSME.
≡ƒƒó [SUCCESS] Detected exceptional trend & momentum for LLOYDSME (Mom Score: 33.6, RS vs N50: 19.1%)
≡ƒƒó [SUCCESS] BYPASS ADX/VOL FILTER for LLOYDSME: Exceptional trend & momentum override. ADX=16.3, Vol=35.9%
≡ƒö╡ [INFO] FII/DII data not available for LLOYDSME ΓÇö proceeding without FII gate.
≡ƒö╡ [INFO] Cache for AVALON too short (range: 2023-06-19 to 2026-06-19); re-fetching 1100 days.
≡ƒö╡ [INFO] Retrieving price data for AVALON...
≡ƒƒó [SUCCESS] Successfully fetched live data for AVALON.
≡ƒƒó [SUCCESS] Detected exceptional trend & momentum for AVALON (Mom Score: 90.3, RS vs N50: 74.7%)
≡ƒö╡ [INFO] Cache for ASTRAMICRO too short (range: 2023-06-19 to 2026-06-19); re-fetching 1100 days.
≡ƒö╡ [INFO] Retrieving price data for ASTRAMICRO...
≡ƒƒó [SUCCESS] Successfully fetched live data for ASTRAMICRO.
≡ƒƒó [SUCCESS] Detected exceptional trend & momentum for ASTRAMICRO (Mom Score: 75.3, RS vs N50: 67.0%)
≡ƒƒí [WARN] REJECTED ASTRAMICRO: [Quality Gate] 3Yr CFO/PAT -0.08 <= 0.0 (persistently negative cash generation)
≡ƒö╡ [INFO] Cache for IPCALAB too short (range: 2023-06-19 to 2026-06-19); re-fetching 1100 days.
≡ƒö╡ [INFO] Retrieving price data for IPCALAB...
≡ƒƒó [SUCCESS] Successfully fetched live data for IPCALAB.
≡ƒö╡ [INFO] Cache for DEEPAKFERT too short (range: 2023-06-19 to 2026-06-19); re-fetching 1100 days.
≡ƒö╡ [INFO] Retrieving price data for DEEPAKFERT...
≡ƒƒó [SUCCESS] Successfully fetched live data for DEEPAKFERT.
≡ƒƒó [SUCCESS] Detected exceptional trend & momentum for DEEPAKFERT (Mom Score: 37.8, RS vs N50: 48.9%)
≡ƒö╡ [INFO] Cache for ADANIENSOL too short (range: 2023-06-19 to 2026-06-19); re-fetching 1100 days.
≡ƒö╡ [INFO] Retrieving price data for ADANIENSOL...
≡ƒƒó [SUCCESS] Successfully fetched live data for ADANIENSOL.
≡ƒƒó [SUCCESS] Detected exceptional trend & momentum for ADANIENSOL (Mom Score: 52.8, RS vs N50: 40.4%)
≡ƒö╡ [INFO]   [ADANIENSOL] ROCE 5.0% below 8.0% ΓÇö WAIVED (cyclical sector: Utilities)
≡ƒƒí [WARN] REJECTED ADANIENSOL: [Quality Gate] 3Yr CFO/PAT -0.19 <= 0.0 (persistently negative cash generation)
≡ƒö╡ [INFO] Cache for ADANIGREEN too short (range: 2023-06-19 to 2026-06-19); re-fetching 1100 days.
≡ƒö╡ [INFO] Retrieving price data for ADANIGREEN...
≡ƒƒó [SUCCESS] Successfully fetched live data for ADANIGREEN.
≡ƒƒó [SUCCESS] Detected exceptional trend & momentum for ADANIGREEN (Mom Score: 56.2, RS vs N50: 45.8%)
≡ƒö╡ [INFO]   [ADANIGREEN] ROCE 5.6% below 8.0% ΓÇö WAIVED (cyclical sector: Utilities)
≡ƒƒí [WARN] REJECTED ADANIGREEN: [Quality Gate] D/E 3.41 >= 1.5
≡ƒö╡ [INFO] Cache for AUROPHARMA too short (range: 2023-06-19 to 2026-06-19); re-fetching 1100 days.
≡ƒö╡ [INFO] Retrieving price data for AUROPHARMA...
≡ƒƒó [SUCCESS] Successfully fetched live data for AUROPHARMA.
≡ƒö╡ [INFO] Cache for HAPPYFORGE too short (range: 2023-12-27 to 2026-06-19); re-fetching 1100 days.
≡ƒö╡ [INFO] Retrieving price data for HAPPYFORGE...
≡ƒƒó [SUCCESS] Successfully fetched live data for HAPPYFORGE.
≡ƒö╡ [INFO] Cache for COFORGE too short (range: 2023-06-19 to 2026-06-19); re-fetching 1100 days.
≡ƒö╡ [INFO] Retrieving price data for COFORGE...
≡ƒƒó [SUCCESS] Successfully fetched live data for COFORGE.
≡ƒƒí [WARN] REJECTED COFORGE: Close Γé╣1463.30 <= 200 EMA Γé╣1465.24.
≡ƒö╡ [INFO] Cache for GOODLUCK too short (range: 2023-06-19 to 2026-06-19); re-fetching 1100 days.
≡ƒö╡ [INFO] Retrieving price data for GOODLUCK...
≡ƒƒó [SUCCESS] Successfully fetched live data for GOODLUCK.
≡ƒƒó [SUCCESS] Detected exceptional trend & momentum for GOODLUCK (Mom Score: 30.2, RS vs N50: 31.2%)
≡ƒö╡ [INFO] Cache for NESTLEIND too short (range: 2023-06-19 to 2026-06-19); re-fetching 1100 days.
≡ƒö╡ [INFO] Retrieving price data for NESTLEIND...
≡ƒƒó [SUCCESS] Successfully fetched live data for NESTLEIND.
≡ƒƒó [SUCCESS] Detected exceptional trend & momentum for NESTLEIND (Mom Score: 16.4, RS vs N50: 16.5%)
≡ƒƒó [SUCCESS] BYPASS ADX/VOL FILTER for NESTLEIND: Exceptional trend & momentum override. ADX=18.4, Vol=20.5%
≡ƒö╡ [INFO] Cache for LAURUSLABS too short (range: 2023-06-19 to 2026-06-19); re-fetching 1100 days.
≡ƒö╡ [INFO] Retrieving price data for LAURUSLABS...
≡ƒƒó [SUCCESS] Successfully fetched live data for LAURUSLABS.
≡ƒƒó [SUCCESS] Detected exceptional trend & momentum for LAURUSLABS (Mom Score: 55.3, RS vs N50: 30.6%)
≡ƒö╡ [INFO] FII/DII data not available for LAURUSLABS ΓÇö proceeding without FII gate.
≡ƒö╡ [INFO] Cache for CREDITACC too short (range: 2023-06-19 to 2026-06-19); re-fetching 1100 days.
≡ƒö╡ [INFO] Retrieving price data for CREDITACC...
≡ƒƒó [SUCCESS] Successfully fetched live data for CREDITACC.
≡ƒö╡ [INFO] Cache for SYRMA too short (range: 2023-06-19 to 2026-06-19); re-fetching 1100 days.
≡ƒö╡ [INFO] Retrieving price data for SYRMA...
≡ƒƒó [SUCCESS] Successfully fetched live data for SYRMA.
≡ƒƒó [SUCCESS] Detected exceptional trend & momentum for SYRMA (Mom Score: 89.6, RS vs N50: 57.8%)
≡ƒƒí [WARN] REJECTED SYRMA: [Quality Gate] 3Yr CFO/PAT -2.43 <= 0.0 (persistently negative cash generation) | ROCE 7.5% <= 8.0%
≡ƒö╡ [INFO] Cache for QPOWER too short (range: 2025-02-24 to 2026-06-19); re-fetching 1100 days.
≡ƒö╡ [INFO] Retrieving price data for QPOWER...
≡ƒƒó [SUCCESS] Successfully fetched live data for QPOWER.
≡ƒƒó [SUCCESS] Detected exceptional trend & momentum for QPOWER (Mom Score: 86.9, RS vs N50: 45.3%)
≡ƒƒó [SUCCESS] BYPASS ADX/VOL FILTER for QPOWER: Exceptional trend & momentum override. ADX=36.3, Vol=60.4%
≡ƒö╡ [INFO] Cache for SENORES too short (range: 2024-12-30 to 2026-06-19); re-fetching 1100 days.
≡ƒö╡ [INFO] Retrieving price data for SENORES...
≡ƒƒó [SUCCESS] Successfully fetched live data for SENORES.
≡ƒƒó [SUCCESS] Detected exceptional trend & momentum for SENORES (Mom Score: 81.6, RS vs N50: 67.8%)
≡ƒƒí [WARN] REJECTED SENORES: [Quality Gate] 3Yr CFO/PAT -8.45 <= 0.0 (persistently negative cash generation) | ROCE 2.5% <= 8.0%
≡ƒö╡ [INFO] Cache for JSWSTEEL too short (range: 2023-06-19 to 2026-06-19); re-fetching 1100 days.
≡ƒö╡ [INFO] Retrieving price data for JSWSTEEL...
≡ƒƒó [SUCCESS] Successfully fetched live data for JSWSTEEL.
≡ƒƒí [WARN] REJECTED JSWSTEEL: Volatility 23.1% >= 60% or ADX 14.4 <= 20.
≡ƒö╡ [INFO] Cache for UNIVCABLES too short (range: 2023-06-19 to 2026-06-19); re-fetching 1100 days.
≡ƒö╡ [INFO] Retrieving price data for UNIVCABLES...
≡ƒƒó [SUCCESS] Successfully fetched live data for UNIVCABLES.
≡ƒƒó [SUCCESS] Detected exceptional trend & momentum for UNIVCABLES (Mom Score: 75.3, RS vs N50: 67.3%)
≡ƒö╡ [INFO] Cache for TDPOWERSYS too short (range: 2023-06-19 to 2026-06-19); re-fetching 1100 days.
≡ƒö╡ [INFO] Retrieving price data for TDPOWERSYS...
≡ƒƒó [SUCCESS] Successfully fetched live data for TDPOWERSYS.
≡ƒƒó [SUCCESS] Detected exceptional trend & momentum for TDPOWERSYS (Mom Score: 73.4, RS vs N50: 43.8%)
≡ƒö╡ [INFO] Cache for SAILIFE too short (range: 2024-12-18 to 2026-06-19); re-fetching 1100 days.
≡ƒö╡ [INFO] Retrieving price data for SAILIFE...
≡ƒƒó [SUCCESS] Successfully fetched live data for SAILIFE.
≡ƒƒó [SUCCESS] Detected exceptional trend & momentum for SAILIFE (Mom Score: 33.0, RS vs N50: 24.9%)
≡ƒö╡ [INFO] Cache for CARYSIL too short (range: 2023-06-19 to 2026-06-19); re-fetching 1100 days.
≡ƒö╡ [INFO] Retrieving price data for CARYSIL...
≡ƒƒó [SUCCESS] Successfully fetched live data for CARYSIL.
≡ƒƒó [SUCCESS] Detected exceptional trend & momentum for CARYSIL (Mom Score: 40.9, RS vs N50: 43.8%)
≡ƒö╡ [INFO] Cache for NAM-INDIA too short (range: 2023-06-19 to 2026-06-19); re-fetching 1100 days.
≡ƒö╡ [INFO] Retrieving price data for NAM-INDIA...
≡ƒƒó [SUCCESS] Successfully fetched live data for NAM-INDIA.
≡ƒƒó [SUCCESS] Detected exceptional trend & momentum for NAM-INDIA (Mom Score: 39.5, RS vs N50: 31.3%)
≡ƒö╡ [INFO] Cache for FINCABLES too short (range: 2023-06-19 to 2026-06-19); re-fetching 1100 days.
≡ƒö╡ [INFO] Retrieving price data for FINCABLES...
≡ƒƒó [SUCCESS] Successfully fetched live data for FINCABLES.
≡ƒƒó [SUCCESS] Detected exceptional trend & momentum for FINCABLES (Mom Score: 36.2, RS vs N50: 37.2%)
≡ƒö╡ [INFO] FII/DII data not available for FINCABLES ΓÇö proceeding without FII gate.
≡ƒö╡ [INFO] Cache for AETHER too short (range: 2023-06-19 to 2026-06-19); re-fetching 1100 days.
≡ƒö╡ [INFO] Retrieving price data for AETHER...
≡ƒƒó [SUCCESS] Successfully fetched live data for AETHER.
≡ƒƒí [WARN] REJECTED AETHER: [Quality Gate] ROCE 7.9% <= 8.0%
≡ƒö╡ [INFO] Cache for KPRMILL too short (range: 2023-06-19 to 2026-06-19); re-fetching 1100 days.
≡ƒö╡ [INFO] Retrieving price data for KPRMILL...
≡ƒƒó [SUCCESS] Successfully fetched live data for KPRMILL.
≡ƒƒó [SUCCESS] Detected exceptional trend & momentum for KPRMILL (Mom Score: 25.1, RS vs N50: 34.4%)
≡ƒö╡ [INFO] Cache for DREDGECORP too short (range: 2023-06-19 to 2026-06-19); re-fetching 1100 days.
≡ƒö╡ [INFO] Retrieving price data for DREDGECORP...
≡ƒƒó [SUCCESS] Successfully fetched live data for DREDGECORP.
≡ƒƒó [SUCCESS] Detected exceptional trend & momentum for DREDGECORP (Mom Score: 30.2, RS vs N50: 27.8%)
≡ƒö╡ [INFO]   [DREDGECORP] ROCE 2.7% below 8.0% ΓÇö WAIVED (cyclical sector: Industrials)
≡ƒƒó [SUCCESS] BYPASS ADX/VOL FILTER for DREDGECORP: Exceptional trend & momentum override. ADX=18.3, Vol=59.7%
≡ƒö╡ [INFO] Cache for RML too short (range: 2023-06-19 to 2026-06-19); re-fetching 1100 days.
≡ƒö╡ [INFO] Retrieving price data for RML...
≡ƒƒó [SUCCESS] Successfully fetched live data for RML.
≡ƒƒó [SUCCESS] Detected exceptional trend & momentum for RML (Mom Score: 41.7, RS vs N50: 57.7%)
≡ƒö╡ [INFO] Cache for GODREJIND too short (range: 2023-06-19 to 2026-06-19); re-fetching 1100 days.
≡ƒö╡ [INFO] Retrieving price data for GODREJIND...
≡ƒƒó [SUCCESS] Successfully fetched live data for GODREJIND.
≡ƒƒó [SUCCESS] Detected exceptional trend & momentum for GODREJIND (Mom Score: 13.7, RS vs N50: 26.1%)
≡ƒö╡ [INFO]   [GODREJIND] ROCE 6.2% below 8.0% ΓÇö WAIVED (cyclical sector: Industrials)
≡ƒƒí [WARN] REJECTED GODREJIND: [Quality Gate] D/E 5.20 >= 1.5
≡ƒö╡ [INFO] Cache for PREMIERENE too short (range: 2024-09-03 to 2026-06-19); re-fetching 1100 days.
≡ƒö╡ [INFO] Retrieving price data for PREMIERENE...
≡ƒƒó [SUCCESS] Successfully fetched live data for PREMIERENE.
≡ƒƒí [WARN] REJECTED PREMIERENE: [Quality Gate] ROCE 7.1% <= 8.0%
≡ƒö╡ [INFO] Cache for ZYDUSLIFE too short (range: 2023-06-19 to 2026-06-19); re-fetching 1100 days.
≡ƒö╡ [INFO] Retrieving price data for ZYDUSLIFE...
≡ƒƒó [SUCCESS] Successfully fetched live data for ZYDUSLIFE.
≡ƒƒó [SUCCESS] Detected exceptional trend & momentum for ZYDUSLIFE (Mom Score: 16.8, RS vs N50: 20.0%)
≡ƒö╡ [INFO] FII/DII data not available for ZYDUSLIFE ΓÇö proceeding without FII gate.
≡ƒö╡ [INFO] Cache for GVPIL too short (range: 2023-06-19 to 2026-06-19); re-fetching 1100 days.
≡ƒö╡ [INFO] Retrieving price data for GVPIL...
≡ƒƒó [SUCCESS] Successfully fetched live data for GVPIL.
≡ƒƒó [SUCCESS] Detected exceptional trend & momentum for GVPIL (Mom Score: 181.6, RS vs N50: 136.6%)
≡ƒƒí [WARN] REJECTED GVPIL: [Quality Gate] 3Yr CFO/PAT -1.16 <= 0.0 (persistently negative cash generation)
≡ƒö╡ [INFO] Cache for AUBANK too short (range: 2023-06-19 to 2026-06-19); re-fetching 1100 days.
≡ƒö╡ [INFO] Retrieving price data for AUBANK...
≡ƒƒó [SUCCESS] Successfully fetched live data for AUBANK.
≡ƒö╡ [INFO] Cache for BBOX too short (range: 2023-06-19 to 2026-06-19); re-fetching 1100 days.
≡ƒö╡ [INFO] Retrieving price data for BBOX...
≡ƒƒó [SUCCESS] Successfully fetched live data for BBOX.
≡ƒƒó [SUCCESS] Detected exceptional trend & momentum for BBOX (Mom Score: 94.9, RS vs N50: 104.5%)
≡ƒƒí [WARN] REJECTED BBOX: [Quality Gate] 3Yr CFO/PAT -0.20 <= 0.0 (persistently negative cash generation) | ROCE 2.7% <= 8.0%
≡ƒö╡ [INFO] Cache for SHRIRAMFIN too short (range: 2023-06-19 to 2026-06-19); re-fetching 1100 days.
≡ƒö╡ [INFO] Retrieving price data for SHRIRAMFIN...
≡ƒƒó [SUCCESS] Successfully fetched live data for SHRIRAMFIN.
≡ƒö╡ [INFO] Cache for PSPPROJECT too short (range: 2023-06-19 to 2026-06-19); re-fetching 1100 days.
≡ƒö╡ [INFO] Retrieving price data for PSPPROJECT...
≡ƒƒó [SUCCESS] Successfully fetched live data for PSPPROJECT.
≡ƒƒó [SUCCESS] Detected exceptional trend & momentum for PSPPROJECT (Mom Score: 30.6, RS vs N50: 43.1%)
≡ƒö╡ [INFO] Cache for CGPOWER too short (range: 2023-06-19 to 2026-06-19); re-fetching 1100 days.
≡ƒö╡ [INFO] Retrieving price data for CGPOWER...
≡ƒƒó [SUCCESS] Successfully fetched live data for CGPOWER.
≡ƒƒó [SUCCESS] Detected exceptional trend & momentum for CGPOWER (Mom Score: 38.3, RS vs N50: 32.6%)
≡ƒö╡ [INFO] FII/DII data not available for CGPOWER ΓÇö proceeding without FII gate.
≡ƒö╡ [INFO] Cache for IDEAFORGE too short (range: 2023-07-07 to 2026-06-19); re-fetching 1100 days.
≡ƒö╡ [INFO] Retrieving price data for IDEAFORGE...
≡ƒƒó [SUCCESS] Successfully fetched live data for IDEAFORGE.
≡ƒƒó [SUCCESS] Detected exceptional trend & momentum for IDEAFORGE (Mom Score: 98.6, RS vs N50: 122.2%)
≡ƒƒí [WARN] REJECTED IDEAFORGE: [Quality Gate] ROCE 0.6% <= 8.0%
≡ƒö╡ [INFO] Cache for KSB too short (range: 2023-06-19 to 2026-06-19); re-fetching 1100 days.
≡ƒö╡ [INFO] Retrieving price data for KSB...
≡ƒƒó [SUCCESS] Successfully fetched live data for KSB.
≡ƒö╡ [INFO] Cache for INDIANB too short (range: 2023-06-19 to 2026-06-19); re-fetching 1100 days.
≡ƒö╡ [INFO] Retrieving price data for INDIANB...
≡ƒƒó [SUCCESS] Successfully fetched live data for INDIANB.
≡ƒö╡ [INFO] Cache for YATHARTH too short (range: 2023-08-07 to 2026-06-19); re-fetching 1100 days.
≡ƒö╡ [INFO] Retrieving price data for YATHARTH...
≡ƒƒó [SUCCESS] Successfully fetched live data for YATHARTH.
≡ƒƒó [SUCCESS] Detected exceptional trend & momentum for YATHARTH (Mom Score: 31.3, RS vs N50: 19.5%)
≡ƒƒó [SUCCESS] BYPASS ADX/VOL FILTER for YATHARTH: Exceptional trend & momentum override. ADX=19.4, Vol=38.0%
≡ƒö╡ [INFO] Cache for MARICO too short (range: 2023-06-19 to 2026-06-19); re-fetching 1100 days.
≡ƒö╡ [INFO] Retrieving price data for MARICO...
≡ƒƒó [SUCCESS] Successfully fetched live data for MARICO.
≡ƒö╡ [INFO] FII/DII data not available for MARICO ΓÇö proceeding without FII gate.
≡ƒö╡ [INFO] Cache for ASTERDM too short (range: 2023-06-19 to 2026-06-19); re-fetching 1100 days.
≡ƒö╡ [INFO] Retrieving price data for ASTERDM...
≡ƒƒó [SUCCESS] Successfully fetched live data for ASTERDM.
≡ƒƒó [SUCCESS] Detected exceptional trend & momentum for ASTERDM (Mom Score: 30.6, RS vs N50: 21.4%)
≡ƒö╡ [INFO] Cache for KIMS too short (range: 2023-06-19 to 2026-06-19); re-fetching 1100 days.
≡ƒö╡ [INFO] Retrieving price data for KIMS...
≡ƒƒó [SUCCESS] Successfully fetched live data for KIMS.
≡ƒƒó [SUCCESS] Detected exceptional trend & momentum for KIMS (Mom Score: 21.3, RS vs N50: 21.0%)
≡ƒö╡ [INFO] Cache for GRANULES too short (range: 2023-06-19 to 2026-06-19); re-fetching 1100 days.
≡ƒö╡ [INFO] Retrieving price data for GRANULES...
≡ƒƒó [SUCCESS] Successfully fetched live data for GRANULES.
≡ƒƒó [SUCCESS] Detected exceptional trend & momentum for GRANULES (Mom Score: 36.2, RS vs N50: 22.1%)
≡ƒö╡ [INFO] FII/DII data not available for GRANULES ΓÇö proceeding without FII gate.
≡ƒö╡ [INFO] Cache for TMB too short (range: 2023-06-19 to 2026-06-19); re-fetching 1100 days.
≡ƒö╡ [INFO] Retrieving price data for TMB...
≡ƒƒó [SUCCESS] Successfully fetched live data for TMB.
≡ƒƒó [SUCCESS] Detected exceptional trend & momentum for TMB (Mom Score: 47.4, RS vs N50: 21.1%)
≡ƒö╡ [INFO] Cache for PREMEXPLN too short (range: 2023-06-19 to 2026-06-19); re-fetching 1100 days.
≡ƒö╡ [INFO] Retrieving price data for PREMEXPLN...
≡ƒƒó [SUCCESS] Successfully fetched live data for PREMEXPLN.
≡ƒƒó [SUCCESS] Detected exceptional trend & momentum for PREMEXPLN (Mom Score: 58.3, RS vs N50: 72.9%)
≡ƒö╡ [INFO] Cache for RPTECH too short (range: 2024-02-14 to 2026-06-19); re-fetching 1100 days.
≡ƒö╡ [INFO] Retrieving price data for RPTECH...
≡ƒƒó [SUCCESS] Successfully fetched live data for RPTECH.
≡ƒƒó [SUCCESS] Detected exceptional trend & momentum for RPTECH (Mom Score: 116.9, RS vs N50: 99.7%)
≡ƒƒí [WARN] REJECTED RPTECH: [Quality Gate] 3Yr CFO/PAT -0.66 <= 0.0 (persistently negative cash generation)
≡ƒö╡ [INFO] Cache for SBCL too short (range: 2023-06-19 to 2026-06-19); re-fetching 1100 days.
≡ƒö╡ [INFO] Retrieving price data for SBCL...
≡ƒƒó [SUCCESS] Successfully fetched live data for SBCL.
≡ƒƒó [SUCCESS] Detected exceptional trend & momentum for SBCL (Mom Score: 67.3, RS vs N50: 59.7%)
≡ƒö╡ [INFO] Cache for AGI too short (range: 2023-06-19 to 2026-06-19); re-fetching 1100 days.
≡ƒö╡ [INFO] Retrieving price data for AGI...
≡ƒƒó [SUCCESS] Successfully fetched live data for AGI.
≡ƒƒó [SUCCESS] Detected exceptional trend & momentum for AGI (Mom Score: 19.2, RS vs N50: 35.7%)
≡ƒö╡ [INFO] Cache for CHOICEIN too short (range: 2023-06-19 to 2026-06-19); re-fetching 1100 days.
≡ƒö╡ [INFO] Retrieving price data for CHOICEIN...
≡ƒƒó [SUCCESS] Successfully fetched live data for CHOICEIN.
≡ƒö╡ [INFO] Cache for ASHAPURMIN too short (range: 2023-06-19 to 2026-06-19); re-fetching 1100 days.
≡ƒö╡ [INFO] Retrieving price data for ASHAPURMIN...
≡ƒƒó [SUCCESS] Successfully fetched live data for ASHAPURMIN.
≡ƒƒó [SUCCESS] Detected exceptional trend & momentum for ASHAPURMIN (Mom Score: 34.4, RS vs N50: 33.7%)
≡ƒƒí [WARN] REJECTED ASHAPURMIN: [Quality Gate] 3Yr CFO/PAT -0.05 <= 0.0 (persistently negative cash generation)
≡ƒö╡ [INFO] Cache for SANDHAR too short (range: 2023-06-19 to 2026-06-19); re-fetching 1100 days.
≡ƒö╡ [INFO] Retrieving price data for SANDHAR...
≡ƒƒó [SUCCESS] Successfully fetched live data for SANDHAR.
≡ƒƒó [SUCCESS] Detected exceptional trend & momentum for SANDHAR (Mom Score: 37.7, RS vs N50: 45.5%)
≡ƒö╡ [INFO] Cache for KRISHANA too short (range: 2023-06-19 to 2026-06-19); re-fetching 1100 days.
≡ƒö╡ [INFO] Retrieving price data for KRISHANA...
≡ƒƒó [SUCCESS] Successfully fetched live data for KRISHANA.
≡ƒƒí [WARN] REJECTED KRISHANA: [Quality Gate] 3Yr CFO/PAT -0.46 <= 0.0 (persistently negative cash generation)
≡ƒö╡ [INFO] Cache for UNIPARTS too short (range: 2023-06-19 to 2026-06-19); re-fetching 1100 days.
≡ƒö╡ [INFO] Retrieving price data for UNIPARTS...
≡ƒƒó [SUCCESS] Successfully fetched live data for UNIPARTS.
≡ƒƒó [SUCCESS] Detected exceptional trend & momentum for UNIPARTS (Mom Score: 50.9, RS vs N50: 31.9%)
≡ƒö╡ [INFO] Cache for TRITURBINE too short (range: 2023-06-19 to 2026-06-19); re-fetching 1100 days.
≡ƒö╡ [INFO] Retrieving price data for TRITURBINE...
≡ƒƒó [SUCCESS] Successfully fetched live data for TRITURBINE.
≡ƒƒó [SUCCESS] Detected exceptional trend & momentum for TRITURBINE (Mom Score: 28.2, RS vs N50: 44.6%)
≡ƒö╡ [INFO] Cache for HSCL too short (range: 2023-06-19 to 2026-06-19); re-fetching 1100 days.
≡ƒö╡ [INFO] Retrieving price data for HSCL...
≡ƒƒó [SUCCESS] Successfully fetched live data for HSCL.
≡ƒƒó [SUCCESS] Detected exceptional trend & momentum for HSCL (Mom Score: 43.5, RS vs N50: 43.2%)
≡ƒö╡ [INFO] FII/DII data not available for HSCL ΓÇö proceeding without FII gate.
≡ƒö╡ [INFO] Cache for VTL too short (range: 2023-06-19 to 2026-06-19); re-fetching 1100 days.
≡ƒö╡ [INFO] Retrieving price data for VTL...
≡ƒƒó [SUCCESS] Successfully fetched live data for VTL.
≡ƒƒó [SUCCESS] Detected exceptional trend & momentum for VTL (Mom Score: 32.2, RS vs N50: 19.2%)
≡ƒƒó [SUCCESS] BYPASS ADX/VOL FILTER for VTL: Exceptional trend & momentum override. ADX=18.2, Vol=36.1%
≡ƒö╡ [INFO] Cache for STLTECH too short (range: 2023-06-19 to 2026-06-19); re-fetching 1100 days.
≡ƒö╡ [INFO] Retrieving price data for STLTECH...
≡ƒƒó [SUCCESS] Successfully fetched live data for STLTECH.
≡ƒƒó [SUCCESS] Detected exceptional trend & momentum for STLTECH (Mom Score: 376.4, RS vs N50: 226.1%)
≡ƒƒí [WARN] REJECTED STLTECH: [Quality Gate] ROCE 2.2% <= 8.0%
≡ƒö╡ [INFO] Cache for UFBL too short (range: 2023-06-19 to 2026-06-19); re-fetching 1100 days.
≡ƒö╡ [INFO] Retrieving price data for UFBL...
≡ƒƒó [SUCCESS] Successfully fetched live data for UFBL.
≡ƒƒó [SUCCESS] Detected exceptional trend & momentum for UFBL (Mom Score: 174.7, RS vs N50: 151.7%)
≡ƒƒí [WARN] REJECTED UFBL: [Quality Gate] D/E 1.60 >= 1.5 | ROCE 2.2% <= 8.0%
≡ƒö╡ [INFO] Cache for BAJAJCON too short (range: 2023-06-19 to 2026-06-19); re-fetching 1100 days.
≡ƒö╡ [INFO] Retrieving price data for BAJAJCON...
≡ƒƒó [SUCCESS] Successfully fetched live data for BAJAJCON.
≡ƒƒó [SUCCESS] Detected exceptional trend & momentum for BAJAJCON (Mom Score: 129.4, RS vs N50: 60.4%)
≡ƒö╡ [INFO] Cache for SONACOMS too short (range: 2023-06-19 to 2026-06-19); re-fetching 1100 days.
≡ƒö╡ [INFO] Retrieving price data for SONACOMS...
≡ƒƒó [SUCCESS] Successfully fetched live data for SONACOMS.
≡ƒƒí [WARN] REJECTED SONACOMS: Volatility 31.0% >= 60% or ADX 19.6 <= 20.
≡ƒö╡ [INFO] Cache for MANINDS too short (range: 2023-06-19 to 2026-06-19); re-fetching 1100 days.
≡ƒö╡ [INFO] Retrieving price data for MANINDS...
≡ƒƒó [SUCCESS] Successfully fetched live data for MANINDS.
≡ƒƒó [SUCCESS] Detected exceptional trend & momentum for MANINDS (Mom Score: 47.1, RS vs N50: 34.1%)
≡ƒö╡ [INFO] Cache for RAYMOND too short (range: 2023-06-19 to 2026-06-19); re-fetching 1100 days.
≡ƒö╡ [INFO] Retrieving price data for RAYMOND...
≡ƒƒó [SUCCESS] Successfully fetched live data for RAYMOND.
≡ƒƒó [SUCCESS] Detected exceptional trend & momentum for RAYMOND (Mom Score: 34.4, RS vs N50: 59.0%)
≡ƒƒí [WARN] REJECTED RAYMOND: FII/DII net change -1.09% < -1.0% (significant institutional selling).
≡ƒö╡ [INFO] Cache for GNFC too short (range: 2023-06-19 to 2026-06-19); re-fetching 1100 days.
≡ƒö╡ [INFO] Retrieving price data for GNFC...
≡ƒƒó [SUCCESS] Successfully fetched live data for GNFC.
≡ƒƒó [SUCCESS] Detected exceptional trend & momentum for GNFC (Mom Score: 23.1, RS vs N50: 35.3%)
≡ƒö╡ [INFO] Cache for PGEL too short (range: 2023-06-19 to 2026-06-19); re-fetching 1100 days.
≡ƒö╡ [INFO] Retrieving price data for PGEL...
≡ƒƒó [SUCCESS] Successfully fetched live data for PGEL.
≡ƒƒó [SUCCESS] Detected exceptional trend & momentum for PGEL (Mom Score: 0.9, RS vs N50: 16.1%)
≡ƒƒí [WARN] REJECTED PGEL: [Quality Gate] ROCE 7.6% <= 8.0%
≡ƒö╡ [INFO] Cache for SHILPAMED too short (range: 2023-06-19 to 2026-06-19); re-fetching 1100 days.
≡ƒö╡ [INFO] Retrieving price data for SHILPAMED...
≡ƒƒó [SUCCESS] Successfully fetched live data for SHILPAMED.
≡ƒƒó [SUCCESS] Detected exceptional trend & momentum for SHILPAMED (Mom Score: 55.9, RS vs N50: 36.5%)
≡ƒö╡ [INFO] FII/DII data not available for SHILPAMED ΓÇö proceeding without FII gate.
≡ƒö╡ [INFO] Cache for IIFL too short (range: 2023-06-19 to 2026-06-19); re-fetching 1100 days.
≡ƒö╡ [INFO] Retrieving price data for IIFL...
≡ƒƒó [SUCCESS] Successfully fetched live data for IIFL.
≡ƒƒó [SUCCESS] Detected exceptional trend & momentum for IIFL (Mom Score: 7.7, RS vs N50: 19.1%)
≡ƒƒí [WARN] REJECTED IIFL: FII/DII net change -1.68% < -1.0% (significant institutional selling).
≡ƒö╡ [INFO] Cache for VBL too short (range: 2023-06-19 to 2026-06-19); re-fetching 1100 days.
≡ƒö╡ [INFO] Retrieving price data for VBL...
≡ƒƒó [SUCCESS] Successfully fetched live data for VBL.
≡ƒƒó [SUCCESS] Detected exceptional trend & momentum for VBL (Mom Score: 18.7, RS vs N50: 25.5%)
≡ƒö╡ [INFO] FII/DII data not available for VBL ΓÇö proceeding without FII gate.
≡ƒö╡ [INFO] Cache for ARVIND too short (range: 2023-06-19 to 2026-06-19); re-fetching 1100 days.
≡ƒö╡ [INFO] Retrieving price data for ARVIND...
≡ƒƒó [SUCCESS] Successfully fetched live data for ARVIND.
≡ƒƒó [SUCCESS] Detected exceptional trend & momentum for ARVIND (Mom Score: 48.0, RS vs N50: 35.4%)
≡ƒö╡ [INFO] Cache for SKYGOLD too short (range: 2023-06-19 to 2026-06-19); re-fetching 1100 days.
≡ƒö╡ [INFO] Retrieving price data for SKYGOLD...
≡ƒƒó [SUCCESS] Successfully fetched live data for SKYGOLD.
≡ƒƒó [SUCCESS] Detected exceptional trend & momentum for SKYGOLD (Mom Score: 46.6, RS vs N50: 33.5%)
≡ƒö╡ [INFO] FII/DII data not available for SKYGOLD ΓÇö proceeding without FII gate.
≡ƒö╡ [INFO] Cache for AEROFLEX too short (range: 2023-08-31 to 2026-06-19); re-fetching 1100 days.
≡ƒö╡ [INFO] Retrieving price data for AEROFLEX...
≡ƒƒó [SUCCESS] Successfully fetched live data for AEROFLEX.
≡ƒƒó [SUCCESS] Detected exceptional trend & momentum for AEROFLEX (Mom Score: 144.8, RS vs N50: 93.8%)
≡ƒö╡ [INFO] Cache for AARTIIND too short (range: 2023-06-19 to 2026-06-19); re-fetching 1100 days.
≡ƒö╡ [INFO] Retrieving price data for AARTIIND...
≡ƒƒó [SUCCESS] Successfully fetched live data for AARTIIND.
≡ƒƒí [WARN] REJECTED AARTIIND: [Quality Gate] ROCE 6.5% <= 8.0%
≡ƒö╡ [INFO] Cache for SAREGAMA too short (range: 2023-06-19 to 2026-06-19); re-fetching 1100 days.
≡ƒö╡ [INFO] Retrieving price data for SAREGAMA...
≡ƒƒó [SUCCESS] Successfully fetched live data for SAREGAMA.
≡ƒƒó [SUCCESS] Detected exceptional trend & momentum for SAREGAMA (Mom Score: 20.9, RS vs N50: 45.1%)
≡ƒö╡ [INFO] Cache for MIDHANI too short (range: 2023-06-19 to 2026-06-19); re-fetching 1100 days.
≡ƒö╡ [INFO] Retrieving price data for MIDHANI...
≡ƒƒó [SUCCESS] Successfully fetched live data for MIDHANI.
≡ƒƒó [SUCCESS] Detected exceptional trend & momentum for MIDHANI (Mom Score: 32.6, RS vs N50: 36.1%)
≡ƒö╡ [INFO] Cache for NRBBEARING too short (range: 2023-06-19 to 2026-06-19); re-fetching 1100 days.
≡ƒö╡ [INFO] Retrieving price data for NRBBEARING...
≡ƒƒó [SUCCESS] Successfully fetched live data for NRBBEARING.
≡ƒƒó [SUCCESS] Detected exceptional trend & momentum for NRBBEARING (Mom Score: 60.0, RS vs N50: 70.4%)
≡ƒö╡ [INFO] Cache for HONASA too short (range: 2023-11-07 to 2026-06-19); re-fetching 1100 days.
≡ƒö╡ [INFO] Retrieving price data for HONASA...
≡ƒƒó [SUCCESS] Successfully fetched live data for HONASA.
≡ƒƒó [SUCCESS] Detected exceptional trend & momentum for HONASA (Mom Score: 46.2, RS vs N50: 33.1%)
≡ƒö╡ [INFO] Cache for BHEL too short (range: 2023-06-19 to 2026-06-19); re-fetching 1100 days.
≡ƒö╡ [INFO] Retrieving price data for BHEL...
≡ƒƒó [SUCCESS] Successfully fetched live data for BHEL.
≡ƒƒó [SUCCESS] Detected exceptional trend & momentum for BHEL (Mom Score: 53.6, RS vs N50: 55.8%)
≡ƒö╡ [INFO]   [BHEL] ROCE 5.4% below 8.0% ΓÇö WAIVED (cyclical sector: Industrials)
≡ƒƒí [WARN] REJECTED BHEL: [Quality Gate] 3Yr CFO/PAT -2.10 <= 0.0 (persistently negative cash generation)
≡ƒö╡ [INFO] Cache for ICIL too short (range: 2023-06-19 to 2026-06-19); re-fetching 1100 days.
≡ƒö╡ [INFO] Retrieving price data for ICIL...
≡ƒƒó [SUCCESS] Successfully fetched live data for ICIL.
≡ƒƒó [SUCCESS] Detected exceptional trend & momentum for ICIL (Mom Score: 53.9, RS vs N50: 58.1%)
≡ƒƒó [SUCCESS] BYPASS ADX/VOL FILTER for ICIL: Exceptional trend & momentum override. ADX=41.1, Vol=60.0%
≡ƒö╡ [INFO] Cache for EXIDEIND too short (range: 2023-06-19 to 2026-06-19); re-fetching 1100 days.
≡ƒö╡ [INFO] Retrieving price data for EXIDEIND...
≡ƒƒó [SUCCESS] Successfully fetched live data for EXIDEIND.
≡ƒƒó [SUCCESS] Detected exceptional trend & momentum for EXIDEIND (Mom Score: 13.0, RS vs N50: 21.1%)
≡ƒƒó [SUCCESS] BYPASS ADX/VOL FILTER for EXIDEIND: Exceptional trend & momentum override. ADX=17.6, Vol=27.3%
≡ƒö╡ [INFO] Cache for RBLBANK too short (range: 2023-06-19 to 2026-06-19); re-fetching 1100 days.
≡ƒö╡ [INFO] Retrieving price data for RBLBANK...
≡ƒƒó [SUCCESS] Successfully fetched live data for RBLBANK.
≡ƒƒó [SUCCESS] Detected exceptional trend & momentum for RBLBANK (Mom Score: 36.3, RS vs N50: 17.3%)
≡ƒö╡ [INFO] Cache for ABCAPITAL too short (range: 2023-06-19 to 2026-06-19); re-fetching 1100 days.
≡ƒö╡ [INFO] Retrieving price data for ABCAPITAL...
≡ƒƒó [SUCCESS] Successfully fetched live data for ABCAPITAL.
≡ƒö╡ [INFO] Cache for AGIIL too short (range: 2024-07-15 to 2026-06-19); re-fetching 1100 days.
≡ƒö╡ [INFO] Retrieving price data for AGIIL...
≡ƒƒó [SUCCESS] Successfully fetched live data for AGIIL.
≡ƒƒó [SUCCESS] Detected exceptional trend & momentum for AGIIL (Mom Score: 44.4, RS vs N50: 10.5%)
≡ƒƒó [SUCCESS] BYPASS ADX/VOL FILTER for AGIIL: Exceptional trend & momentum override. ADX=13.8, Vol=54.8%
≡ƒö╡ [INFO] Cache for CEIGALL too short (range: 2024-08-08 to 2026-06-19); re-fetching 1100 days.
≡ƒö╡ [INFO] Retrieving price data for CEIGALL...
≡ƒƒó [SUCCESS] Successfully fetched live data for CEIGALL.
≡ƒƒó [SUCCESS] Detected exceptional trend & momentum for CEIGALL (Mom Score: 43.7, RS vs N50: 29.9%)
≡ƒö╡ [INFO] Cache for EVEREADY too short (range: 2023-06-19 to 2026-06-19); re-fetching 1100 days.
≡ƒö╡ [INFO] Retrieving price data for EVEREADY...
≡ƒƒó [SUCCESS] Successfully fetched live data for EVEREADY.
≡ƒƒó [SUCCESS] Detected exceptional trend & momentum for EVEREADY (Mom Score: 18.7, RS vs N50: 27.0%)
≡ƒƒí [WARN] REJECTED EVEREADY: 30-day ADTV Γé╣7.24 Cr < Γé╣10 Cr.
≡ƒö╡ [INFO] Cache for ANGELONE too short (range: 2023-06-19 to 2026-06-19); re-fetching 1100 days.
≡ƒö╡ [INFO] Retrieving price data for ANGELONE...
≡ƒƒó [SUCCESS] Successfully fetched live data for ANGELONE.
≡ƒƒó [SUCCESS] Detected exceptional trend & momentum for ANGELONE (Mom Score: 39.8, RS vs N50: 32.1%)
≡ƒö╡ [INFO] FII/DII data not available for ANGELONE ΓÇö proceeding without FII gate.
≡ƒö╡ [INFO] Cache for REFEX too short (range: 2023-06-19 to 2026-06-19); re-fetching 1100 days.
≡ƒö╡ [INFO] Retrieving price data for REFEX...
≡ƒƒó [SUCCESS] Successfully fetched live data for REFEX.
≡ƒƒó [SUCCESS] Detected exceptional trend & momentum for REFEX (Mom Score: 24.6, RS vs N50: 50.2%)
≡ƒƒí [WARN] REJECTED REFEX: [Quality Gate] 3Yr CFO/PAT -0.43 <= 0.0 (persistently negative cash generation)
≡ƒö╡ [INFO] Cache for FEDERALBNK too short (range: 2023-06-19 to 2026-06-19); re-fetching 1100 days.
≡ƒö╡ [INFO] Retrieving price data for FEDERALBNK...
≡ƒƒó [SUCCESS] Successfully fetched live data for FEDERALBNK.
≡ƒö╡ [INFO] Cache for SCI too short (range: 2023-06-19 to 2026-06-19); re-fetching 1100 days.
≡ƒö╡ [INFO] Retrieving price data for SCI...
≡ƒƒó [SUCCESS] Successfully fetched live data for SCI.
≡ƒƒó [SUCCESS] Detected exceptional trend & momentum for SCI (Mom Score: 40.4, RS vs N50: 31.3%)
≡ƒö╡ [INFO] Cache for NYKAA too short (range: 2023-06-19 to 2026-06-19); re-fetching 1100 days.
≡ƒö╡ [INFO] Retrieving price data for NYKAA...
≡ƒƒó [SUCCESS] Successfully fetched live data for NYKAA.
≡ƒƒó [SUCCESS] Detected exceptional trend & momentum for NYKAA (Mom Score: 29.6, RS vs N50: 18.9%)
≡ƒƒí [WARN] REJECTED NYKAA: [Quality Gate] ROCE 6.2% <= 8.0%
≡ƒö╡ [INFO] Cache for KARURVYSYA too short (range: 2023-06-19 to 2026-06-19); re-fetching 1100 days.
≡ƒö╡ [INFO] Retrieving price data for KARURVYSYA...
≡ƒƒó [SUCCESS] Successfully fetched live data for KARURVYSYA.
≡ƒö╡ [INFO] Cache for LTF too short (range: 2023-06-19 to 2026-06-19); re-fetching 1100 days.
≡ƒö╡ [INFO] Retrieving price data for LTF...
≡ƒƒó [SUCCESS] Successfully fetched live data for LTF.
≡ƒö╡ [INFO] Cache for KTKBANK too short (range: 2023-06-19 to 2026-06-19); re-fetching 1100 days.
≡ƒö╡ [INFO] Retrieving price data for KTKBANK...
≡ƒƒó [SUCCESS] Successfully fetched live data for KTKBANK.
≡ƒö╡ [INFO] FII/DII data not available for KTKBANK ΓÇö proceeding without FII gate.
≡ƒö╡ [INFO] Cache for SURYAROSNI too short (range: 2023-06-19 to 2026-06-19); re-fetching 1100 days.
≡ƒö╡ [INFO] Retrieving price data for SURYAROSNI...
≡ƒƒó [SUCCESS] Successfully fetched live data for SURYAROSNI.
≡ƒƒó [SUCCESS] Detected exceptional trend & momentum for SURYAROSNI (Mom Score: 9.5, RS vs N50: 22.2%)
≡ƒƒó [SUCCESS] BYPASS ADX/VOL FILTER for SURYAROSNI: Exceptional trend & momentum override. ADX=16.7, Vol=41.9%
≡ƒö╡ [INFO] Cache for MARKSANS too short (range: 2023-06-19 to 2026-06-19); re-fetching 1100 days.
≡ƒö╡ [INFO] Retrieving price data for MARKSANS...
≡ƒƒó [SUCCESS] Successfully fetched live data for MARKSANS.
≡ƒƒó [SUCCESS] Detected exceptional trend & momentum for MARKSANS (Mom Score: 39.9, RS vs N50: 48.6%)
≡ƒö╡ [INFO] Cache for VIYASH too short (range: 2023-06-19 to 2026-06-19); re-fetching 1100 days.
≡ƒö╡ [INFO] Retrieving price data for VIYASH...
≡ƒƒó [SUCCESS] Successfully fetched live data for VIYASH.
≡ƒƒó [SUCCESS] Detected exceptional trend & momentum for VIYASH (Mom Score: 26.5, RS vs N50: 23.2%)
≡ƒƒí [WARN] REJECTED VIYASH: [Quality Gate] 3Yr CFO/PAT -8.50 <= 0.0 (persistently negative cash generation) | ROCE 2.2% <= 8.0%
≡ƒö╡ [INFO] Cache for SPARC too short (range: 2023-06-19 to 2026-06-19); re-fetching 1100 days.
≡ƒö╡ [INFO] Retrieving price data for SPARC...
≡ƒƒó [SUCCESS] Successfully fetched live data for SPARC.
≡ƒƒó [SUCCESS] Detected exceptional trend & momentum for SPARC (Mom Score: 78.4, RS vs N50: 74.7%)
≡ƒƒí [WARN] REJECTED SPARC: [Quality Gate] 3Yr CFO/PAT -0.15 <= 0.0 (persistently negative cash generation) | ROCE -298.1% <= 8.0%
≡ƒö╡ [INFO] Cache for ADANIPOWER too short (range: 2023-06-19 to 2026-06-19); re-fetching 1100 days.
≡ƒö╡ [INFO] Retrieving price data for ADANIPOWER...
≡ƒƒó [SUCCESS] Successfully fetched live data for ADANIPOWER.
≡ƒƒó [SUCCESS] Detected exceptional trend & momentum for ADANIPOWER (Mom Score: 62.1, RS vs N50: 36.8%)
≡ƒö╡ [INFO] Cache for HFCL too short (range: 2023-06-19 to 2026-06-19); re-fetching 1100 days.
≡ƒö╡ [INFO] Retrieving price data for HFCL...
≡ƒƒó [SUCCESS] Successfully fetched live data for HFCL.
≡ƒƒó [SUCCESS] Detected exceptional trend & momentum for HFCL (Mom Score: 181.5, RS vs N50: 178.7%)
≡ƒƒí [WARN] REJECTED HFCL: [Quality Gate] 3Yr CFO/PAT -0.02 <= 0.0 (persistently negative cash generation)
≡ƒö╡ [INFO] Cache for DIACABS too short (range: 2023-06-19 to 2026-06-19); re-fetching 1100 days.
≡ƒö╡ [INFO] Retrieving price data for DIACABS...
≡ƒƒó [SUCCESS] Successfully fetched live data for DIACABS.
≡ƒƒó [SUCCESS] Detected exceptional trend & momentum for DIACABS (Mom Score: 63.6, RS vs N50: 56.4%)
≡ƒö╡ [INFO]   [DIACABS] ROCE 2.2% below 8.0% ΓÇö WAIVED (cyclical sector: Industrials)
≡ƒƒí [WARN] REJECTED DIACABS: [Quality Gate] D/E 2.25 >= 1.5
≡ƒö╡ [INFO] Cache for BANDHANBNK too short (range: 2023-06-19 to 2026-06-19); re-fetching 1100 days.
≡ƒö╡ [INFO] Retrieving price data for BANDHANBNK...
≡ƒƒó [SUCCESS] Successfully fetched live data for BANDHANBNK.
≡ƒƒó [SUCCESS] Detected exceptional trend & momentum for BANDHANBNK (Mom Score: 29.6, RS vs N50: 26.2%)
≡ƒö╡ [INFO] FII/DII data not available for BANDHANBNK ΓÇö proceeding without FII gate.
≡ƒö╡ [INFO] Cache for RAIN too short (range: 2023-06-19 to 2026-06-19); re-fetching 1100 days.
≡ƒö╡ [INFO] Retrieving price data for RAIN...
≡ƒƒó [SUCCESS] Successfully fetched live data for RAIN.
≡ƒƒó [SUCCESS] Detected exceptional trend & momentum for RAIN (Mom Score: 60.4, RS vs N50: 61.6%)
≡ƒƒí [WARN] REJECTED RAIN: [Quality Gate] ROCE 4.9% <= 8.0%
≡ƒö╡ [INFO] Cache for IXIGO too short (range: 2024-06-18 to 2026-06-19); re-fetching 1100 days.
≡ƒö╡ [INFO] Retrieving price data for IXIGO...
≡ƒƒó [SUCCESS] Successfully fetched live data for IXIGO.
≡ƒƒí [WARN] REJECTED IXIGO: Close Γé╣189.98 <= 200 EMA Γé╣196.53.
≡ƒö╡ [INFO] Cache for CUPID too short (range: 2023-06-19 to 2026-06-19); re-fetching 1100 days.
≡ƒö╡ [INFO] Retrieving price data for CUPID...
≡ƒƒó [SUCCESS] Successfully fetched live data for CUPID.
≡ƒƒó [SUCCESS] Detected exceptional trend & momentum for CUPID (Mom Score: 258.1, RS vs N50: 92.5%)
≡ƒö╡ [INFO] Cache for ITCHOTELS too short (range: 2025-01-29 to 2026-06-19); re-fetching 1100 days.
≡ƒö╡ [INFO] Retrieving price data for ITCHOTELS...
≡ƒƒó [SUCCESS] Successfully fetched live data for ITCHOTELS.
≡ƒƒí [WARN] REJECTED ITCHOTELS: Close Γé╣170.92 <= 200 EMA Γé╣176.53.
≡ƒö╡ [INFO] Cache for J&KBANK too short (range: 2023-06-19 to 2026-06-19); re-fetching 1100 days.
≡ƒö╡ [INFO] Retrieving price data for J&KBANK...
≡ƒƒó [SUCCESS] Successfully fetched live data for J&KBANK.
≡ƒƒó [SUCCESS] Detected exceptional trend & momentum for J&KBANK (Mom Score: 48.1, RS vs N50: 32.5%)
≡ƒö╡ [INFO] FII/DII data not available for J&KBANK ΓÇö proceeding without FII gate.
≡ƒö╡ [INFO] Cache for MOTHERSON too short (range: 2023-06-19 to 2026-06-19); re-fetching 1100 days.
≡ƒö╡ [INFO] Retrieving price data for MOTHERSON...
≡ƒƒó [SUCCESS] Successfully fetched live data for MOTHERSON.
≡ƒƒó [SUCCESS] Detected exceptional trend & momentum for MOTHERSON (Mom Score: 28.7, RS vs N50: 23.1%)
≡ƒƒí [WARN] REJECTED MOTHERSON: [Quality Gate] ROCE 4.6% <= 8.0%
≡ƒö╡ [INFO] Cache for JAMNAAUTO too short (range: 2023-06-19 to 2026-06-19); re-fetching 1100 days.
≡ƒö╡ [INFO] Retrieving price data for JAMNAAUTO...
≡ƒƒó [SUCCESS] Successfully fetched live data for JAMNAAUTO.
≡ƒö╡ [INFO] Cache for ENRIN too short (range: 2025-06-19 to 2026-06-19); re-fetching 1100 days.
≡ƒö╡ [INFO] Retrieving price data for ENRIN...
≡ƒƒó [SUCCESS] Successfully fetched live data for ENRIN.
≡ƒƒó [SUCCESS] Detected exceptional trend & momentum for ENRIN (Mom Score: 25.4, RS vs N50: 41.8%)
≡ƒƒí [WARN] REJECTED ENRIN: IPO seasoning < 1 year (250 trading days).
≡ƒö╡ [INFO] Cache for CPPLUS too short (range: 2025-08-05 to 2026-06-19); re-fetching 1100 days.
≡ƒö╡ [INFO] Retrieving price data for CPPLUS...
≡ƒƒó [SUCCESS] Successfully fetched live data for CPPLUS.
≡ƒƒó [SUCCESS] Detected exceptional trend & momentum for CPPLUS (Mom Score: 93.7, RS vs N50: 91.4%)
≡ƒƒí [WARN] REJECTED CPPLUS: IPO seasoning < 1 year (217 trading days).
≡ƒö╡ [INFO] Cache for ICICIAMC too short (range: 2025-12-19 to 2026-06-19); re-fetching 1100 days.
≡ƒö╡ [INFO] Retrieving price data for ICICIAMC...
≡ƒƒó [SUCCESS] Successfully fetched live data for ICICIAMC.
≡ƒƒí [WARN] REJECTED ICICIAMC: IPO seasoning < 1 year (124 trading days).
≡ƒö╡ [INFO] Cache for MCX too short (range: 2023-06-19 to 2026-06-19); re-fetching 1100 days.
≡ƒö╡ [INFO] Retrieving price data for MCX...
≡ƒƒó [SUCCESS] Successfully fetched live data for MCX.
≡ƒö╡ [INFO] Cache for SHAILY too short (range: 2023-06-19 to 2026-06-19); re-fetching 1100 days.
≡ƒö╡ [INFO] Retrieving price data for SHAILY...
≡ƒƒó [SUCCESS] Successfully fetched live data for SHAILY.
≡ƒƒó [SUCCESS] Detected exceptional trend & momentum for SHAILY (Mom Score: 26.6, RS vs N50: 39.8%)
≡ƒö╡ [INFO] Cache for SEDEMAC too short (range: 2026-03-11 to 2026-06-19); re-fetching 1100 days.
≡ƒö╡ [INFO] Retrieving price data for SEDEMAC...
≡ƒƒó [SUCCESS] Successfully fetched live data for SEDEMAC.
≡ƒƒó [SUCCESS] Detected exceptional trend & momentum for SEDEMAC (Mom Score: 35.2, RS vs N50: 64.9%)
≡ƒƒí [WARN] REJECTED SEDEMAC: IPO seasoning < 1 year (69 trading days).
≡ƒö╡ [INFO] Cache for LGEINDIA too short (range: 2025-10-14 to 2026-06-19); re-fetching 1100 days.
≡ƒö╡ [INFO] Retrieving price data for LGEINDIA...
≡ƒƒó [SUCCESS] Successfully fetched live data for LGEINDIA.
≡ƒƒó [SUCCESS] Detected exceptional trend & momentum for LGEINDIA (Mom Score: 6.1, RS vs N50: 15.1%)
≡ƒƒí [WARN] REJECTED LGEINDIA: IPO seasoning < 1 year (170 trading days).
≡ƒö╡ [INFO] Cache for GESHIP too short (range: 2023-06-19 to 2026-06-19); re-fetching 1100 days.
≡ƒö╡ [INFO] Retrieving price data for GESHIP...
≡ƒƒó [SUCCESS] Successfully fetched live data for GESHIP.
≡ƒö╡ [INFO] Cache for CLEANMAX too short (range: 2026-03-02 to 2026-06-19); re-fetching 1100 days.
≡ƒö╡ [INFO] Retrieving price data for CLEANMAX...
≡ƒƒó [SUCCESS] Successfully fetched live data for CLEANMAX.
≡ƒƒó [SUCCESS] Detected exceptional trend & momentum for CLEANMAX (Mom Score: 25.4, RS vs N50: 61.4%)
≡ƒƒí [WARN] REJECTED CLEANMAX: IPO seasoning < 1 year (74 trading days).
≡ƒö╡ [INFO] Cache for RUBICON too short (range: 2025-10-16 to 2026-06-19); re-fetching 1100 days.
≡ƒö╡ [INFO] Retrieving price data for RUBICON...
≡ƒƒó [SUCCESS] Successfully fetched live data for RUBICON.
≡ƒƒó [SUCCESS] Detected exceptional trend & momentum for RUBICON (Mom Score: 69.5, RS vs N50: 70.4%)
≡ƒƒí [WARN] REJECTED RUBICON: IPO seasoning < 1 year (166 trading days).
≡ƒö╡ [INFO] Cache for ANURAS too short (range: 2023-06-19 to 2026-06-19); re-fetching 1100 days.
≡ƒö╡ [INFO] Retrieving price data for ANURAS...
≡ƒƒó [SUCCESS] Successfully fetched live data for ANURAS.
≡ƒƒí [WARN] REJECTED ANURAS: [Quality Gate] ROCE 6.0% <= 8.0%
≡ƒö╡ [INFO] Cache for UNIMECH too short (range: 2024-12-31 to 2026-06-19); re-fetching 1100 days.
≡ƒö╡ [INFO] Retrieving price data for UNIMECH...
≡ƒƒó [SUCCESS] Successfully fetched live data for UNIMECH.
≡ƒƒó [SUCCESS] Detected exceptional trend & momentum for UNIMECH (Mom Score: 32.4, RS vs N50: 53.8%)
≡ƒö╡ [INFO]   [UNIMECH] ROCE 7.0% below 8.0% ΓÇö WAIVED (cyclical sector: Industrials)
≡ƒö╡ [INFO] Cache for CHENNPETRO too short (range: 2023-06-19 to 2026-06-19); re-fetching 1100 days.
≡ƒö╡ [INFO] Retrieving price data for CHENNPETRO...
≡ƒƒó [SUCCESS] Successfully fetched live data for CHENNPETRO.
≡ƒö╡ [INFO] Cache for HINDALCO too short (range: 2023-06-19 to 2026-06-19); re-fetching 1100 days.
≡ƒö╡ [INFO] Retrieving price data for HINDALCO...
≡ƒƒó [SUCCESS] Successfully fetched live data for HINDALCO.
≡ƒö╡ [INFO] FII/DII data not available for HINDALCO ΓÇö proceeding without FII gate.
≡ƒö╡ [INFO] Cache for ATHERENERG too short (range: 2025-05-06 to 2026-06-19); re-fetching 1100 days.
≡ƒö╡ [INFO] Retrieving price data for ATHERENERG...
≡ƒƒó [SUCCESS] Successfully fetched live data for ATHERENERG.
≡ƒƒó [SUCCESS] Detected exceptional trend & momentum for ATHERENERG (Mom Score: 67.2, RS vs N50: 26.0%)
≡ƒƒí [WARN] REJECTED ATHERENERG: [Quality Gate] ROCE -57.1% <= 8.0%
≡ƒö╡ [INFO] Cache for FRACTAL too short (range: 2026-02-16 to 2026-06-19); re-fetching 1100 days.
≡ƒö╡ [INFO] Retrieving price data for FRACTAL...
≡ƒƒó [SUCCESS] Successfully fetched live data for FRACTAL.
≡ƒƒó [SUCCESS] Detected exceptional trend & momentum for FRACTAL (Mom Score: 9.0, RS vs N50: 18.2%)
≡ƒƒí [WARN] REJECTED FRACTAL: IPO seasoning < 1 year (85 trading days).
≡ƒö╡ [INFO] Cache for INDUSINDBK too short (range: 2023-06-19 to 2026-06-19); re-fetching 1100 days.
≡ƒö╡ [INFO] Retrieving price data for INDUSINDBK...
≡ƒƒó [SUCCESS] Successfully fetched live data for INDUSINDBK.
≡ƒö╡ [INFO] Cache for KSHINTL too short (range: 2025-12-23 to 2026-06-19); re-fetching 1100 days.
≡ƒö╡ [INFO] Retrieving price data for KSHINTL...
≡ƒƒó [SUCCESS] Successfully fetched live data for KSHINTL.
≡ƒƒó [SUCCESS] Detected exceptional trend & momentum for KSHINTL (Mom Score: 49.8, RS vs N50: 79.4%)
≡ƒƒí [WARN] REJECTED KSHINTL: IPO seasoning < 1 year (122 trading days).
≡ƒö╡ [INFO] Cache for ANTHEM too short (range: 2025-07-21 to 2026-06-19); re-fetching 1100 days.
≡ƒö╡ [INFO] Retrieving price data for ANTHEM...
≡ƒƒó [SUCCESS] Successfully fetched live data for ANTHEM.
≡ƒƒí [WARN] REJECTED ANTHEM: IPO seasoning < 1 year (228 trading days).
≡ƒö╡ [INFO] Cache for TATATECH too short (range: 2023-11-30 to 2026-06-19); re-fetching 1100 days.
≡ƒö╡ [INFO] Retrieving price data for TATATECH...
≡ƒƒó [SUCCESS] Successfully fetched live data for TATATECH.
≡ƒƒó [SUCCESS] Detected exceptional trend & momentum for TATATECH (Mom Score: 24.5, RS vs N50: 34.2%)
≡ƒö╡ [INFO] Cache for NEPHROPLUS too short (range: 2025-12-17 to 2026-06-19); re-fetching 1100 days.
≡ƒö╡ [INFO] Retrieving price data for NEPHROPLUS...
≡ƒƒó [SUCCESS] Successfully fetched live data for NEPHROPLUS.
≡ƒƒó [SUCCESS] Detected exceptional trend & momentum for NEPHROPLUS (Mom Score: 15.1, RS vs N50: 34.5%)
≡ƒƒí [WARN] REJECTED NEPHROPLUS: IPO seasoning < 1 year (125 trading days).
≡ƒö╡ [INFO] Cache for RAYMONDREL too short (range: 2025-07-01 to 2026-06-19); re-fetching 1100 days.
≡ƒö╡ [INFO] Retrieving price data for RAYMONDREL...
≡ƒƒó [SUCCESS] Successfully fetched live data for RAYMONDREL.
≡ƒƒó [SUCCESS] Detected exceptional trend & momentum for RAYMONDREL (Mom Score: 34.1, RS vs N50: 44.9%)
≡ƒƒí [WARN] REJECTED RAYMONDREL: IPO seasoning < 1 year (242 trading days).
≡ƒö╡ [INFO] Cache for TEJASNET too short (range: 2023-06-19 to 2026-06-19); re-fetching 1100 days.
≡ƒö╡ [INFO] Retrieving price data for TEJASNET...
≡ƒƒó [SUCCESS] Successfully fetched live data for TEJASNET.
≡ƒƒó [SUCCESS] Detected exceptional trend & momentum for TEJASNET (Mom Score: 32.1, RS vs N50: 43.4%)
≡ƒƒí [WARN] REJECTED TEJASNET: [Quality Gate] 3Yr CFO/PAT -49.36 <= 0.0 (persistently negative cash generation) | ROCE 0.4% <= 8.0%
≡ƒö╡ [INFO] Cache for DLF too short (range: 2023-06-19 to 2026-06-19); re-fetching 1100 days.
≡ƒö╡ [INFO] Retrieving price data for DLF...
≡ƒƒó [SUCCESS] Successfully fetched live data for DLF.
≡ƒƒí [WARN] REJECTED DLF: Close Γé╣624.50 <= 200 EMA Γé╣643.09.
≡ƒö╡ [INFO] Cache for GMDCLTD too short (range: 2023-06-19 to 2026-06-19); re-fetching 1100 days.
≡ƒö╡ [INFO] Retrieving price data for GMDCLTD...
≡ƒƒó [SUCCESS] Successfully fetched live data for GMDCLTD.
≡ƒö╡ [INFO] FII/DII data not available for GMDCLTD ΓÇö proceeding without FII gate.
≡ƒö╡ [INFO] Cache for TENNIND too short (range: 2025-11-19 to 2026-06-19); re-fetching 1100 days.
≡ƒö╡ [INFO] Retrieving price data for TENNIND...
≡ƒƒó [SUCCESS] Successfully fetched live data for TENNIND.
≡ƒƒí [WARN] REJECTED TENNIND: IPO seasoning < 1 year (146 trading days).
≡ƒö╡ [INFO] Cache for BALRAMCHIN too short (range: 2023-06-19 to 2026-06-19); re-fetching 1100 days.
≡ƒö╡ [INFO] Retrieving price data for BALRAMCHIN...
≡ƒƒó [SUCCESS] Successfully fetched live data for BALRAMCHIN.
≡ƒö╡ [INFO] Cache for BLUEJET too short (range: 2023-11-01 to 2026-06-19); re-fetching 1100 days.
≡ƒö╡ [INFO] Retrieving price data for BLUEJET...
≡ƒƒó [SUCCESS] Successfully fetched live data for BLUEJET.
≡ƒƒó [SUCCESS] Detected exceptional trend & momentum for BLUEJET (Mom Score: 8.0, RS vs N50: 36.8%)
≡ƒö╡ [INFO] Cache for LENSKART too short (range: 2025-11-10 to 2026-06-19); re-fetching 1100 days.
≡ƒö╡ [INFO] Retrieving price data for LENSKART...
≡ƒƒó [SUCCESS] Successfully fetched live data for LENSKART.
≡ƒƒí [WARN] REJECTED LENSKART: IPO seasoning < 1 year (153 trading days).
≡ƒö╡ [INFO] Cache for HINDCOPPER too short (range: 2023-06-19 to 2026-06-19); re-fetching 1100 days.
≡ƒö╡ [INFO] Retrieving price data for HINDCOPPER...
≡ƒƒó [SUCCESS] Successfully fetched live data for HINDCOPPER.
≡ƒƒó [SUCCESS] Detected exceptional trend & momentum for HINDCOPPER (Mom Score: 35.3, RS vs N50: -2.9%)
≡ƒö╡ [INFO] FII/DII data not available for HINDCOPPER ΓÇö proceeding without FII gate.
≡ƒö╡ [INFO] Cache for EBGNG too short (range: 2025-07-30 to 2026-06-19); re-fetching 1100 days.
≡ƒö╡ [INFO] Retrieving price data for EBGNG...
≡ƒƒó [SUCCESS] Successfully fetched live data for EBGNG.
≡ƒƒó [SUCCESS] Detected exceptional trend & momentum for EBGNG (Mom Score: 34.8, RS vs N50: 33.3%)
≡ƒƒí [WARN] REJECTED EBGNG: IPO seasoning < 1 year (220 trading days).
≡ƒö╡ [INFO] Cache for SHREEJISPG too short (range: 2025-08-26 to 2026-06-19); re-fetching 1100 days.
≡ƒö╡ [INFO] Retrieving price data for SHREEJISPG...
≡ƒƒó [SUCCESS] Successfully fetched live data for SHREEJISPG.
≡ƒƒó [SUCCESS] Detected exceptional trend & momentum for SHREEJISPG (Mom Score: 31.6, RS vs N50: 42.6%)
≡ƒƒí [WARN] REJECTED SHREEJISPG: IPO seasoning < 1 year (203 trading days).
≡ƒö╡ [INFO] Cache for OMNI too short (range: 2026-03-05 to 2026-06-19); re-fetching 1100 days.
≡ƒö╡ [INFO] Retrieving price data for OMNI...
≡ƒƒó [SUCCESS] Successfully fetched live data for OMNI.
≡ƒƒó [SUCCESS] Detected exceptional trend & momentum for OMNI (Mom Score: 43.2, RS vs N50: 49.9%)
≡ƒƒí [WARN] REJECTED OMNI: IPO seasoning < 1 year (73 trading days).
≡ƒö╡ [INFO] Cache for AMAGI too short (range: 2026-01-21 to 2026-06-19); re-fetching 1100 days.
≡ƒö╡ [INFO] Retrieving price data for AMAGI...
≡ƒƒó [SUCCESS] Successfully fetched live data for AMAGI.
≡ƒƒó [SUCCESS] Detected exceptional trend & momentum for AMAGI (Mom Score: 18.6, RS vs N50: 44.6%)
≡ƒƒí [WARN] REJECTED AMAGI: IPO seasoning < 1 year (102 trading days).
≡ƒö╡ [INFO] Cache for USHAMART too short (range: 2023-06-19 to 2026-06-19); re-fetching 1100 days.
≡ƒö╡ [INFO] Retrieving price data for USHAMART...
≡ƒƒó [SUCCESS] Successfully fetched live data for USHAMART.
≡ƒƒí [WARN] REJECTED USHAMART: Volatility 34.8% >= 60% or ADX 17.0 <= 20.
≡ƒö╡ [INFO] Cache for COALINDIA too short (range: 2023-06-19 to 2026-06-19); re-fetching 1100 days.
≡ƒö╡ [INFO] Retrieving price data for COALINDIA...
≡ƒƒó [SUCCESS] Successfully fetched live data for COALINDIA.
≡ƒö╡ [INFO] Cache for OSWALPUMPS too short (range: 2025-06-20 to 2026-06-19); re-fetching 1100 days.
≡ƒö╡ [INFO] Retrieving price data for OSWALPUMPS...
≡ƒƒó [SUCCESS] Successfully fetched live data for OSWALPUMPS.
≡ƒƒí [WARN] REJECTED OSWALPUMPS: IPO seasoning < 1 year (249 trading days).
≡ƒö╡ [INFO] Cache for PRECWIRE too short (range: 2023-06-19 to 2026-06-19); re-fetching 1100 days.
≡ƒö╡ [INFO] Retrieving price data for PRECWIRE...
≡ƒƒó [SUCCESS] Successfully fetched live data for PRECWIRE.
≡ƒƒó [SUCCESS] Detected exceptional trend & momentum for PRECWIRE (Mom Score: 64.8, RS vs N50: 33.2%)
≡ƒö╡ [INFO] Cache for TMCV too short (range: 2025-11-12 to 2026-06-19); re-fetching 1100 days.
≡ƒö╡ [INFO] Retrieving price data for TMCV...
≡ƒƒó [SUCCESS] Successfully fetched live data for TMCV.
≡ƒƒí [WARN] REJECTED TMCV: IPO seasoning < 1 year (151 trading days).
≡ƒö╡ [INFO] Cache for NATIONALUM too short (range: 2023-06-19 to 2026-06-19); re-fetching 1100 days.
≡ƒö╡ [INFO] Retrieving price data for NATIONALUM...
≡ƒƒó [SUCCESS] Successfully fetched live data for NATIONALUM.
≡ƒö╡ [INFO] Cache for TATACAP too short (range: 2025-10-13 to 2026-06-19); re-fetching 1100 days.
≡ƒö╡ [INFO] Retrieving price data for TATACAP...
≡ƒƒó [SUCCESS] Successfully fetched live data for TATACAP.
≡ƒƒí [WARN] REJECTED TATACAP: IPO seasoning < 1 year (171 trading days).
≡ƒö╡ [INFO] Cache for EMMVEE too short (range: 2025-11-18 to 2026-06-19); re-fetching 1100 days.
≡ƒö╡ [INFO] Retrieving price data for EMMVEE...
≡ƒƒó [SUCCESS] Successfully fetched live data for EMMVEE.
≡ƒƒó [SUCCESS] Detected exceptional trend & momentum for EMMVEE (Mom Score: 46.1, RS vs N50: 48.5%)
≡ƒƒí [WARN] REJECTED EMMVEE: IPO seasoning < 1 year (147 trading days).
≡ƒö╡ [INFO] Cache for NLCINDIA too short (range: 2023-06-19 to 2026-06-19); re-fetching 1100 days.
≡ƒö╡ [INFO] Retrieving price data for NLCINDIA...
≡ƒƒó [SUCCESS] Successfully fetched live data for NLCINDIA.
≡ƒƒó [SUCCESS] Detected exceptional trend & momentum for NLCINDIA (Mom Score: 28.2, RS vs N50: 19.3%)
≡ƒö╡ [INFO] FII/DII data not available for NLCINDIA ΓÇö proceeding without FII gate.
≡ƒö╡ [INFO] Cache for VEDL too short (range: 2023-06-19 to 2026-06-19); re-fetching 1100 days.
≡ƒö╡ [INFO] Retrieving price data for VEDL...
≡ƒƒó [SUCCESS] Successfully fetched live data for VEDL.
≡ƒƒí [WARN] REJECTED VEDL: Close Γé╣300.80 <= 200 EMA Γé╣504.26.
≡ƒö╡ [INFO] Cache for PARKHOSPS too short (range: 2025-12-17 to 2026-06-19); re-fetching 1100 days.
≡ƒö╡ [INFO] Retrieving price data for PARKHOSPS...
≡ƒƒó [SUCCESS] Successfully fetched live data for PARKHOSPS.
≡ƒƒó [SUCCESS] Detected exceptional trend & momentum for PARKHOSPS (Mom Score: 44.2, RS vs N50: 34.6%)
≡ƒƒí [WARN] REJECTED PARKHOSPS: IPO seasoning < 1 year (126 trading days).
≡ƒö╡ [INFO] Cache for CROMPTON too short (range: 2023-06-19 to 2026-06-19); re-fetching 1100 days.
≡ƒö╡ [INFO] Retrieving price data for CROMPTON...
≡ƒƒó [SUCCESS] Successfully fetched live data for CROMPTON.
≡ƒƒí [WARN] REJECTED CROMPTON: Close Γé╣275.25 <= 200 EMA Γé╣276.48.
≡ƒö╡ [INFO] Cache for EPACKPEB too short (range: 2025-10-06 to 2026-06-19); re-fetching 1100 days.
≡ƒö╡ [INFO] Retrieving price data for EPACKPEB...
≡ƒƒó [SUCCESS] Successfully fetched live data for EPACKPEB.
≡ƒƒó [SUCCESS] Detected exceptional trend & momentum for EPACKPEB (Mom Score: 33.2, RS vs N50: 53.7%)
≡ƒƒí [WARN] REJECTED EPACKPEB: IPO seasoning < 1 year (176 trading days).
≡ƒö╡ [INFO] Cache for BELRISE too short (range: 2025-05-28 to 2026-06-19); re-fetching 1100 days.
≡ƒö╡ [INFO] Retrieving price data for BELRISE...
≡ƒƒó [SUCCESS] Successfully fetched live data for BELRISE.
≡ƒƒó [SUCCESS] Detected exceptional trend & momentum for BELRISE (Mom Score: 59.1, RS vs N50: 24.1%)
≡ƒö╡ [INFO] Cache for PNCINFRA too short (range: 2023-06-19 to 2026-06-19); re-fetching 1100 days.
≡ƒö╡ [INFO] Retrieving price data for PNCINFRA...
≡ƒƒó [SUCCESS] Successfully fetched live data for PNCINFRA.
≡ƒƒí [WARN] REJECTED PNCINFRA: Close Γé╣226.01 <= 200 EMA Γé╣234.70.
≡ƒö╡ [INFO] Cache for SHADOWFAX too short (range: 2026-01-28 to 2026-06-19); re-fetching 1100 days.
≡ƒö╡ [INFO] Retrieving price data for SHADOWFAX...
≡ƒƒó [SUCCESS] Successfully fetched live data for SHADOWFAX.
≡ƒƒó [SUCCESS] Detected exceptional trend & momentum for SHADOWFAX (Mom Score: 42.2, RS vs N50: 78.6%)
≡ƒƒí [WARN] REJECTED SHADOWFAX: IPO seasoning < 1 year (98 trading days).
≡ƒö╡ [INFO] Cache for AEQUS too short (range: 2025-12-10 to 2026-06-19); re-fetching 1100 days.
≡ƒö╡ [INFO] Retrieving price data for AEQUS...
≡ƒƒó [SUCCESS] Successfully fetched live data for AEQUS.
≡ƒƒó [SUCCESS] Detected exceptional trend & momentum for AEQUS (Mom Score: 44.4, RS vs N50: 77.3%)
≡ƒƒí [WARN] REJECTED AEQUS: IPO seasoning < 1 year (131 trading days).
≡ƒö╡ [INFO] Cache for SANDUMA too short (range: 2023-09-07 to 2026-06-19); re-fetching 1100 days.
≡ƒö╡ [INFO] Retrieving price data for SANDUMA...
≡ƒƒó [SUCCESS] Successfully fetched live data for SANDUMA.
≡ƒö╡ [INFO] Cache for GROWW too short (range: 2025-11-12 to 2026-06-19); re-fetching 1100 days.
≡ƒö╡ [INFO] Retrieving price data for GROWW...
≡ƒƒó [SUCCESS] Successfully fetched live data for GROWW.
≡ƒƒí [WARN] REJECTED GROWW: IPO seasoning < 1 year (151 trading days).
≡ƒö╡ [INFO] Cache for TATASTEEL too short (range: 2023-06-19 to 2026-06-19); re-fetching 1100 days.
≡ƒö╡ [INFO] Retrieving price data for TATASTEEL...
≡ƒƒó [SUCCESS] Successfully fetched live data for TATASTEEL.
≡ƒö╡ [INFO] Cache for SAIL too short (range: 2023-06-19 to 2026-06-19); re-fetching 1100 days.
≡ƒö╡ [INFO] Retrieving price data for SAIL...
≡ƒƒó [SUCCESS] Successfully fetched live data for SAIL.
≡ƒö╡ [INFO] FII/DII data not available for SAIL ΓÇö proceeding without FII gate.
≡ƒö╡ [INFO] Cache for FEDFINA too short (range: 2023-11-30 to 2026-06-19); re-fetching 1100 days.
≡ƒö╡ [INFO] Retrieving price data for FEDFINA...
≡ƒƒó [SUCCESS] Successfully fetched live data for FEDFINA.
≡ƒö╡ [INFO] Cache for JSWCEMENT too short (range: 2025-08-14 to 2026-06-19); re-fetching 1100 days.
≡ƒö╡ [INFO] Retrieving price data for JSWCEMENT...
≡ƒƒó [SUCCESS] Successfully fetched live data for JSWCEMENT.
≡ƒƒí [WARN] REJECTED JSWCEMENT: IPO seasoning < 1 year (210 trading days).
≡ƒö╡ [INFO] Cache for PWL too short (range: 2025-11-18 to 2026-06-19); re-fetching 1100 days.
≡ƒö╡ [INFO] Retrieving price data for PWL...
≡ƒƒó [SUCCESS] Successfully fetched live data for PWL.
≡ƒƒó [SUCCESS] Detected exceptional trend & momentum for PWL (Mom Score: 15.5, RS vs N50: 23.7%)
≡ƒƒí [WARN] REJECTED PWL: IPO seasoning < 1 year (147 trading days).
≡ƒö╡ [INFO] Cache for THOMASCOOK too short (range: 2023-06-19 to 2026-06-19); re-fetching 1100 days.
≡ƒö╡ [INFO] Retrieving price data for THOMASCOOK...
≡ƒƒó [SUCCESS] Successfully fetched live data for THOMASCOOK.
≡ƒƒí [WARN] REJECTED THOMASCOOK: Close Γé╣111.60 <= 200 EMA Γé╣121.27.
≡ƒö╡ [INFO] Cache for WEBELSOLAR too short (range: 2023-06-19 to 2026-06-19); re-fetching 1100 days.
≡ƒö╡ [INFO] Retrieving price data for WEBELSOLAR...
≡ƒƒó [SUCCESS] Successfully fetched live data for WEBELSOLAR.
≡ƒƒó [SUCCESS] Detected exceptional trend & momentum for WEBELSOLAR (Mom Score: 31.6, RS vs N50: 32.0%)
≡ƒƒó [SUCCESS] BYPASS ADX/VOL FILTER for WEBELSOLAR: Exceptional trend & momentum override. ADX=10.6, Vol=60.0%
≡ƒƒí [WARN] REJECTED WEBELSOLAR: FII/DII net change -1.27% < -1.0% (significant institutional selling).
≡ƒö╡ [INFO] Cache for PAGEIND too short (range: 2023-06-19 to 2026-06-19); re-fetching 1100 days.
≡ƒö╡ [INFO] Retrieving price data for PAGEIND...
≡ƒƒó [SUCCESS] Successfully fetched live data for PAGEIND.
≡ƒö╡ [INFO] FII/DII data not available for PAGEIND ΓÇö proceeding without FII gate.
≡ƒö╡ [INFO] Cache for PRIVISCL too short (range: 2023-06-19 to 2026-06-19); re-fetching 1100 days.
≡ƒö╡ [INFO] Retrieving price data for PRIVISCL...
≡ƒƒó [SUCCESS] Successfully fetched live data for PRIVISCL.
≡ƒƒó [SUCCESS] Detected exceptional trend & momentum for PRIVISCL (Mom Score: 21.1, RS vs N50: 18.8%)
≡ƒö╡ [INFO] Cache for GRSE too short (range: 2023-06-19 to 2026-06-19); re-fetching 1100 days.
≡ƒö╡ [INFO] Retrieving price data for GRSE...
≡ƒƒó [SUCCESS] Successfully fetched live data for GRSE.
≡ƒƒí [WARN] REJECTED GRSE: [Quality Gate] 3Yr CFO/PAT -0.78 <= 0.0 (persistently negative cash generation)
≡ƒö╡ [INFO] Cache for MANKIND too short (range: 2023-06-19 to 2026-06-19); re-fetching 1100 days.
≡ƒö╡ [INFO] Retrieving price data for MANKIND...
≡ƒƒó [SUCCESS] Successfully fetched live data for MANKIND.
≡ƒƒó [SUCCESS] Detected exceptional trend & momentum for MANKIND (Mom Score: 10.4, RS vs N50: 18.2%)
≡ƒƒó [SUCCESS] BYPASS ADX/VOL FILTER for MANKIND: Exceptional trend & momentum override. ADX=16.8, Vol=25.4%
≡ƒö╡ [INFO] Cache for WABAG too short (range: 2023-06-19 to 2026-06-19); re-fetching 1100 days.
≡ƒö╡ [INFO] Retrieving price data for WABAG...
≡ƒƒó [SUCCESS] Successfully fetched live data for WABAG.
≡ƒƒó [SUCCESS] Detected exceptional trend & momentum for WABAG (Mom Score: 51.6, RS vs N50: 48.7%)
≡ƒö╡ [INFO] Cache for NH too short (range: 2023-06-19 to 2026-06-19); re-fetching 1100 days.
≡ƒö╡ [INFO] Retrieving price data for NH...
≡ƒƒó [SUCCESS] Successfully fetched live data for NH.
≡ƒö╡ [INFO] Cache for VENUSPIPES too short (range: 2023-06-19 to 2026-06-19); re-fetching 1100 days.
≡ƒö╡ [INFO] Retrieving price data for VENUSPIPES...
≡ƒƒó [SUCCESS] Successfully fetched live data for VENUSPIPES.
≡ƒƒó [SUCCESS] Detected exceptional trend & momentum for VENUSPIPES (Mom Score: 32.6, RS vs N50: 37.3%)
≡ƒƒó [SUCCESS] BYPASS ADX/VOL FILTER for VENUSPIPES: Exceptional trend & momentum override. ADX=19.2, Vol=41.2%
≡ƒƒí [WARN] REJECTED VENUSPIPES: FII/DII net change -1.12% < -1.0% (significant institutional selling).
≡ƒƒí [WARN] REJECTED MACPOWER: Market cap Γé╣1,183 Cr < Γé╣2,500 Cr minimum.
≡ƒö╡ [INFO] Cache for CAMS too short (range: 2023-06-19 to 2026-06-19); re-fetching 1100 days.
≡ƒö╡ [INFO] Retrieving price data for CAMS...
≡ƒƒó [SUCCESS] Successfully fetched live data for CAMS.
≡ƒƒó [SUCCESS] Detected exceptional trend & momentum for CAMS (Mom Score: 16.2, RS vs N50: 16.7%)
≡ƒö╡ [INFO] Cache for JSFB too short (range: 2024-02-14 to 2026-06-19); re-fetching 1100 days.
≡ƒö╡ [INFO] Retrieving price data for JSFB...
≡ƒƒó [SUCCESS] Successfully fetched live data for JSFB.
≡ƒƒí [WARN] REJECTED JSFB: Volatility 38.2% >= 60% or ADX 14.1 <= 20.
≡ƒö╡ [INFO] Cache for BIOCON too short (range: 2023-06-19 to 2026-06-19); re-fetching 1100 days.
≡ƒö╡ [INFO] Retrieving price data for BIOCON...
≡ƒƒó [SUCCESS] Successfully fetched live data for BIOCON.
≡ƒƒó [SUCCESS] Detected exceptional trend & momentum for BIOCON (Mom Score: 10.6, RS vs N50: 18.7%)
≡ƒƒí [WARN] REJECTED BIOCON: [Quality Gate] 3Yr CFO/PAT -1.62 <= 0.0 (persistently negative cash generation) | ROCE 3.2% <= 8.0%
≡ƒö╡ [INFO] Cache for IIFLCAPS too short (range: 2023-06-19 to 2026-06-19); re-fetching 1100 days.
≡ƒö╡ [INFO] Retrieving price data for IIFLCAPS...
≡ƒƒó [SUCCESS] Successfully fetched live data for IIFLCAPS.
≡ƒƒó [SUCCESS] Detected exceptional trend & momentum for IIFLCAPS (Mom Score: 15.1, RS vs N50: 23.2%)
≡ƒö╡ [INFO] Cache for GENUSPOWER too short (range: 2023-06-19 to 2026-06-19); re-fetching 1100 days.
≡ƒö╡ [INFO] Retrieving price data for GENUSPOWER...
≡ƒƒó [SUCCESS] Successfully fetched live data for GENUSPOWER.
≡ƒƒó [SUCCESS] Detected exceptional trend & momentum for GENUSPOWER (Mom Score: 14.1, RS vs N50: 26.0%)
≡ƒƒí [WARN] REJECTED GENUSPOWER: [Quality Gate] 3Yr CFO/PAT -1.30 <= 0.0 (persistently negative cash generation)
≡ƒö╡ [INFO] Cache for MANAPPURAM too short (range: 2023-06-19 to 2026-06-19); re-fetching 1100 days.
≡ƒö╡ [INFO] Retrieving price data for MANAPPURAM...
≡ƒƒó [SUCCESS] Successfully fetched live data for MANAPPURAM.
≡ƒƒó [SUCCESS] Detected exceptional trend & momentum for MANAPPURAM (Mom Score: 15.4, RS vs N50: 18.3%)
≡ƒƒí [WARN] REJECTED MANAPPURAM: FII/DII net change -3.74% < -1.0% (significant institutional selling).
≡ƒö╡ [INFO] Cache for NITCO too short (range: 2023-06-19 to 2026-06-19); re-fetching 1100 days.
≡ƒö╡ [INFO] Retrieving price data for NITCO...
≡ƒƒó [SUCCESS] Successfully fetched live data for NITCO.
≡ƒƒó [SUCCESS] Detected exceptional trend & momentum for NITCO (Mom Score: 21.3, RS vs N50: 31.1%)
≡ƒö╡ [INFO]   [NITCO] ROCE -49.4% below 8.0% ΓÇö WAIVED (cyclical sector: Industrials)
≡ƒƒí [WARN] REJECTED NITCO: [Quality Gate] D/E 4.81 >= 1.5 | 3Yr CFO/PAT -1.15 <= 0.0 (persistently negative cash generation)
≡ƒƒó [SUCCESS] Weighted Ranking complete. Top 50 selected: T1=15 | T2=20 | T3=15 | Total eligible=50 (from 304 scanned)
≡ƒö╡ [INFO] Checkpoint saved: Step 5
≡ƒö╡ [INFO] Checkpoint saved: Step 6
≡ƒö╡ [INFO] Executing SKILL 08, 09, 10, 11, 12: Structuring Core-Satellite portfolio allocation and risk...
≡ƒö╡ [INFO] Loaded 24 existing holdings from 2026-06-20 (L7_MAAC_Allocations.csv): ['SYRMA', 'THANGAMAYL', 'HONASA', 'GVT&D', 'VIJAYA', 'SOLARINDS', 'ACMESOLAR', 'WELCORP', 'ABB', 'BSE', 'CEMPRO', 'J&KBANK', 'APARINDS', 'SHILPAMED', 'LAURUSLABS', 'WOCKPHARMA', 'CGPOWER', 'KIRLOSENG', 'HINDCOPPER', 'HINDALCO', 'JINDALSAW', 'ANGELONE', 'SAIL', 'NEOGEN']
≡ƒö╡ [INFO] Cache for NEOGEN too short (range: 2025-07-07 to 2026-06-19); re-fetching 350 days.
≡ƒö╡ [INFO] Retrieving price data for NEOGEN...
≡ƒƒó [SUCCESS] Successfully fetched live data for NEOGEN.
≡ƒö╡ [INFO] Cache for NEOGEN too short (range: 2025-07-07 to 2026-06-19); re-fetching 350 days.
≡ƒö╡ [INFO] Retrieving price data for NEOGEN...
≡ƒƒó [SUCCESS] Successfully fetched live data for NEOGEN.
≡ƒö╡ [INFO] Cache for NEOGEN too short (range: 2025-07-07 to 2026-06-19); re-fetching 350 days.
≡ƒö╡ [INFO] Retrieving price data for NEOGEN...
≡ƒƒó [SUCCESS] Successfully fetched live data for NEOGEN.
≡ƒö╡ [INFO] Retrieving volatility and risk parameters for 13 portfolio candidates...
≡ƒö╡ [INFO] Cache for NEOGEN too short (range: 2025-07-07 to 2026-06-19); re-fetching 350 days.
≡ƒö╡ [INFO] Retrieving price data for NEOGEN...
≡ƒƒó [SUCCESS] Successfully fetched live data for NEOGEN.
≡ƒö╡ [INFO] Cache for NEOGEN too short (range: 2025-07-07 to 2026-06-19); re-fetching 350 days.
≡ƒö╡ [INFO] Retrieving price data for NEOGEN...
≡ƒƒó [SUCCESS] Successfully fetched live data for NEOGEN.
≡ƒö╡ [INFO] Cache for NEOGEN too short (range: 2025-07-07 to 2026-06-19); re-fetching 350 days.
≡ƒö╡ [INFO] Retrieving price data for NEOGEN...
≡ƒƒó [SUCCESS] Successfully fetched live data for NEOGEN.
≡ƒö╡ [INFO] Cache for NEOGEN too short (range: 2025-07-07 to 2026-06-19); re-fetching 350 days.
≡ƒö╡ [INFO] Retrieving price data for NEOGEN...
≡ƒƒó [SUCCESS] Successfully fetched live data for NEOGEN.
≡ƒö╡ [INFO] Cache for NEOGEN too short (range: 2025-07-07 to 2026-06-19); re-fetching 350 days.
≡ƒö╡ [INFO] Retrieving price data for NEOGEN...
≡ƒƒó [SUCCESS] Successfully fetched live data for NEOGEN.
≡ƒö╡ [INFO] Cache for NEOGEN too short (range: 2025-07-07 to 2026-06-19); re-fetching 350 days.
≡ƒö╡ [INFO] Retrieving price data for NEOGEN...
≡ƒƒó [SUCCESS] Successfully fetched live data for NEOGEN.
≡ƒö╡ [INFO] Cache for NEOGEN too short (range: 2025-07-07 to 2026-06-19); re-fetching 350 days.
≡ƒö╡ [INFO] Retrieving price data for NEOGEN...
≡ƒƒó [SUCCESS] Successfully fetched live data for NEOGEN.
≡ƒö╡ [INFO] Cache for NEOGEN too short (range: 2025-07-07 to 2026-06-19); re-fetching 350 days.
≡ƒö╡ [INFO] Retrieving price data for NEOGEN...
≡ƒƒó [SUCCESS] Successfully fetched live data for NEOGEN.
≡ƒö╡ [INFO] Cache for NEOGEN too short (range: 2025-07-07 to 2026-06-19); re-fetching 350 days.
≡ƒö╡ [INFO] Retrieving price data for NEOGEN...
≡ƒƒó [SUCCESS] Successfully fetched live data for NEOGEN.
≡ƒö╡ [INFO] Cache for NEOGEN too short (range: 2025-07-07 to 2026-06-19); re-fetching 350 days.
≡ƒö╡ [INFO] Retrieving price data for NEOGEN...
≡ƒƒó [SUCCESS] Successfully fetched live data for NEOGEN.
≡ƒö╡ [INFO] Cache for NEOGEN too short (range: 2025-07-07 to 2026-06-19); re-fetching 350 days.
≡ƒö╡ [INFO] Retrieving price data for NEOGEN...
≡ƒƒó [SUCCESS] Successfully fetched live data for NEOGEN.
≡ƒö╡ [INFO] Cache for NEOGEN too short (range: 2025-07-07 to 2026-06-19); re-fetching 350 days.
≡ƒö╡ [INFO] Retrieving price data for NEOGEN...
≡ƒƒó [SUCCESS] Successfully fetched live data for NEOGEN.
≡ƒö╡ [INFO] Cache for NEOGEN too short (range: 2025-07-07 to 2026-06-19); re-fetching 350 days.
≡ƒö╡ [INFO] Retrieving price data for NEOGEN...
≡ƒƒó [SUCCESS] Successfully fetched live data for NEOGEN.
≡ƒö╡ [INFO] Cache for NEOGEN too short (range: 2025-07-07 to 2026-06-19); re-fetching 350 days.
≡ƒö╡ [INFO] Retrieving price data for NEOGEN...
≡ƒƒó [SUCCESS] Successfully fetched live data for NEOGEN.
≡ƒö╡ [INFO] Cache for NEOGEN too short (range: 2025-07-07 to 2026-06-19); re-fetching 350 days.
≡ƒö╡ [INFO] Retrieving price data for NEOGEN...
≡ƒƒó [SUCCESS] Successfully fetched live data for NEOGEN.
≡ƒö╡ [INFO] Cache for NEOGEN too short (range: 2025-07-07 to 2026-06-19); re-fetching 350 days.
≡ƒö╡ [INFO] Retrieving price data for NEOGEN...
≡ƒƒó [SUCCESS] Successfully fetched live data for NEOGEN.
≡ƒö╡ [INFO] Cache for NEOGEN too short (range: 2025-07-07 to 2026-06-19); re-fetching 350 days.
≡ƒö╡ [INFO] Retrieving price data for NEOGEN...
≡ƒƒó [SUCCESS] Successfully fetched live data for NEOGEN.
≡ƒö╡ [INFO] Cache for NEOGEN too short (range: 2025-07-07 to 2026-06-19); re-fetching 350 days.
≡ƒö╡ [INFO] Retrieving price data for NEOGEN...
≡ƒƒó [SUCCESS] Successfully fetched live data for NEOGEN.
≡ƒö╡ [INFO] Cache for NEOGEN too short (range: 2025-07-07 to 2026-06-19); re-fetching 350 days.
≡ƒö╡ [INFO] Retrieving price data for NEOGEN...
≡ƒƒó [SUCCESS] Successfully fetched live data for NEOGEN.
≡ƒö╡ [INFO] Cache for NEOGEN too short (range: 2025-07-07 to 2026-06-19); re-fetching 350 days.
≡ƒö╡ [INFO] Retrieving price data for NEOGEN...
≡ƒƒó [SUCCESS] Successfully fetched live data for NEOGEN.
≡ƒö╡ [INFO] Cache for NEOGEN too short (range: 2025-07-07 to 2026-06-19); re-fetching 350 days.
≡ƒö╡ [INFO] Retrieving price data for NEOGEN...
≡ƒƒó [SUCCESS] Successfully fetched live data for NEOGEN.
≡ƒö╡ [INFO] Cache for NEOGEN too short (range: 2025-07-07 to 2026-06-19); re-fetching 350 days.
≡ƒö╡ [INFO] Retrieving price data for NEOGEN...
≡ƒƒó [SUCCESS] Successfully fetched live data for NEOGEN.
≡ƒö╡ [INFO] Cache for NEOGEN too short (range: 2025-07-07 to 2026-06-19); re-fetching 350 days.
≡ƒö╡ [INFO] Retrieving price data for NEOGEN...
≡ƒƒó [SUCCESS] Successfully fetched live data for NEOGEN.
≡ƒƒó [SUCCESS] Exported Portfolio Correlation Matrix for 24 assets.
≡ƒƒó [SUCCESS] Portfolio structuring and sizing completed successfully.
≡ƒö╡ [INFO] Computing indicator details for selected portfolio positions and existing holdings...
≡ƒö╡ [INFO] Cache for NEOGEN too short (range: 2025-07-07 to 2026-06-19); re-fetching 350 days.
≡ƒö╡ [INFO] Retrieving price data for NEOGEN...
≡ƒƒó [SUCCESS] Successfully fetched live data for NEOGEN.
≡ƒö╡ [INFO] Executing SKILL 13: Generating order book signals...
≡ƒƒó [SUCCESS] Generated 24 execution orders in trade book.

  ≡ƒÜ½ PRE-TRADE CHECKLIST: 24 BUY(s) blocked
  ≡ƒö┤ BLOCKED: 24 positions ΓëÑ MAX 15
Traceback (most recent call last):
  ≡ƒƒí SKIP: SYRMA already in portfolio
  ≡ƒö┤ BLOCKED: 24 positions ΓëÑ MAX 15
  ≡ƒƒí SKIP: THANGAMAYL already in portfolio
  ≡ƒö┤ BLOCKED: 24 positions ΓëÑ MAX 15
  ≡ƒƒí SKIP: HONASA already in portfolio
  ≡ƒö┤ BLOCKED: 24 positions ΓëÑ MAX 15
  ≡ƒƒí SKIP: GVT&D already in portfolio
  ≡ƒö┤ BLOCKED: 24 positions ΓëÑ MAX 15
  ≡ƒƒí SKIP: VIJAYA already in portfolio
  ≡ƒö┤ BLOCKED: 24 positions ΓëÑ MAX 15
  ≡ƒƒí SKIP: SOLARINDS already in portfolio
  ≡ƒö┤ BLOCKED: 24 positions ΓëÑ MAX 15
  ≡ƒƒí SKIP: ACMESOLAR already in portfolio
  ≡ƒö┤ BLOCKED: 24 positions ΓëÑ MAX 15
  ≡ƒƒí SKIP: WELCORP already in portfolio
  ≡ƒö┤ BLOCKED: 24 positions ΓëÑ MAX 15
  File "C:\Vs code Automation\Trend Alfa 3.0 - Copy - Copy\main.py", line 1066, in <module>
    run_pipeline_sync(date_arg)
    ~~~~~~~~~~~~~~~~~^^^^^^^^^^
  File "C:\Vs code Automation\Trend Alfa 3.0 - Copy - Copy\main.py", line 1061, in run_pipeline_sync
    raise e
  File "C:\Vs code Automation\Trend Alfa 3.0 - Copy - Copy\main.py", line 599, in run_pipeline_sync
    analytics_report = compute_portfolio_analytics(portfolio_positions, portfolio_blueprint, date_str)
  File "C:\Vs code Automation\Trend Alfa 3.0 - Copy - Copy\analytics.py", line 181, in compute_portfolio_analytics
    if has_trades and len(daily_net) >= 20:
                          ^^^^^^^^^
UnboundLocalError: cannot access local variable 'daily_net' where it is not associated with a value
  ≡ƒƒí SKIP: ABB already in portfolio
  ≡ƒö┤ BLOCKED: 24 positions ΓëÑ MAX 15
  ≡ƒƒí SKIP: BSE already in portfolio
  ≡ƒö┤ BLOCKED: 24 positions ΓëÑ MAX 15
  ≡ƒƒí SKIP: CEMPRO already in portfolio
  ≡ƒö┤ BLOCKED: 24 positions ΓëÑ MAX 15
  ≡ƒƒí SKIP: J&KBANK already in portfolio
  ≡ƒö┤ BLOCKED: 24 positions ΓëÑ MAX 15
  ≡ƒƒí SKIP: APARINDS already in portfolio
  ≡ƒö┤ BLOCKED: 24 positions ΓëÑ MAX 15
  ≡ƒƒí SKIP: SHILPAMED already in portfolio
  ≡ƒö┤ BLOCKED: 24 positions ΓëÑ MAX 15
  ≡ƒƒí SKIP: LAURUSLABS already in portfolio
  ≡ƒö┤ BLOCKED: 24 positions ΓëÑ MAX 15
  ≡ƒƒí SKIP: WOCKPHARMA already in portfolio
  ≡ƒö┤ BLOCKED: 24 positions ΓëÑ MAX 15
  ≡ƒƒí SKIP: CGPOWER already in portfolio
  ≡ƒö┤ BLOCKED: 24 positions ΓëÑ MAX 15
  ≡ƒƒí SKIP: KIRLOSENG already in portfolio
  ≡ƒö┤ BLOCKED: 24 positions ΓëÑ MAX 15
  ≡ƒƒí SKIP: HINDCOPPER already in portfolio
  ≡ƒö┤ BLOCKED: 24 positions ΓëÑ MAX 15
  ≡ƒƒí SKIP: HINDALCO already in portfolio
  ≡ƒö┤ BLOCKED: 24 positions ΓëÑ MAX 15
  ≡ƒƒí SKIP: JINDALSAW already in portfolio
  ≡ƒö┤ BLOCKED: 24 positions ΓëÑ MAX 15
  ≡ƒƒí SKIP: ANGELONE already in portfolio
  ≡ƒö┤ BLOCKED: 24 positions ΓëÑ MAX 15
  ≡ƒƒí SKIP: SAIL already in portfolio
  ≡ƒö┤ BLOCKED: 24 positions ΓëÑ MAX 15
  ≡ƒƒí SKIP: NEOGEN already in portfolio
≡ƒö╡ [INFO] Checkpoint saved: Step 9
≡ƒö╡ [INFO] Computing portfolio analytics from trade ledger...
≡ƒö┤ [ERROR] FATAL ERROR in pipeline synchronization: cannot access local variable 'daily_net' where it is not associated with a value
